Archive member included to satisfy reference by file (symbol)

c:/program files (x86)/atmel/studio/7.0/toolchain/avr8/avr8-gnu-toolchain/bin/../lib/gcc/avr/5.4.0/../../../../avr/lib/avrxmega6\libprintf_flt.a(vfprintf_flt.o)
                              (vfprintf)
../../../../../RTB/RTB_Lib/AT86RF233_ATXMEGA256A3_REB_8_1_CBB/GCC\lib_rtb_pmu_233r_remote.a(rtb_pmu_math.o)
                              ./rtb.o (pmu_math_pmu_2_dist)
../../../../../RTB/RTB_Lib/AT86RF233_ATXMEGA256A3_REB_8_1_CBB/GCC\lib_rtb_pmu_233r_remote.a(rtb_pmu_result.o)
                              ./rtb_rx.o (pmu_extract_no_of_req_result_values)
../../../../../RTB/RTB_Lib/AT86RF233_ATXMEGA256A3_REB_8_1_CBB/GCC\lib_rtb_pmu_233r_remote.a(rtb_pmu_233r.o)
                              ./rtb.o (pmu_configure_ranging)
c:/program files (x86)/atmel/studio/7.0/toolchain/avr8/avr8-gnu-toolchain/bin/../lib/gcc/avr/5.4.0/../../../../avr/lib/avrxmega6\libm.a(addsf3.o)
                              ../../../../../RTB/RTB_Lib/AT86RF233_ATXMEGA256A3_REB_8_1_CBB/GCC\lib_rtb_pmu_233r_remote.a(rtb_pmu_math.o) (__subsf3)
c:/program files (x86)/atmel/studio/7.0/toolchain/avr8/avr8-gnu-toolchain/bin/../lib/gcc/avr/5.4.0/../../../../avr/lib/avrxmega6\libm.a(addsf3x.o)
                              c:/program files (x86)/atmel/studio/7.0/toolchain/avr8/avr8-gnu-toolchain/bin/../lib/gcc/avr/5.4.0/../../../../avr/lib/avrxmega6\libm.a(addsf3.o) (__addsf3x)
c:/program files (x86)/atmel/studio/7.0/toolchain/avr8/avr8-gnu-toolchain/bin/../lib/gcc/avr/5.4.0/../../../../avr/lib/avrxmega6\libm.a(ceil.o)
                              ../../../../../RTB/RTB_Lib/AT86RF233_ATXMEGA256A3_REB_8_1_CBB/GCC\lib_rtb_pmu_233r_remote.a(rtb_pmu_math.o) (ceil)
c:/program files (x86)/atmel/studio/7.0/toolchain/avr8/avr8-gnu-toolchain/bin/../lib/gcc/avr/5.4.0/../../../../avr/lib/avrxmega6\libm.a(cmpsf2.o)
                              ../../../../../RTB/RTB_Lib/AT86RF233_ATXMEGA256A3_REB_8_1_CBB/GCC\lib_rtb_pmu_233r_remote.a(rtb_pmu_math.o) (__ltsf2)
c:/program files (x86)/atmel/studio/7.0/toolchain/avr8/avr8-gnu-toolchain/bin/../lib/gcc/avr/5.4.0/../../../../avr/lib/avrxmega6\libm.a(divsf3.o)
                              ./rtb_eval_app_ranging.o (__divsf3)
c:/program files (x86)/atmel/studio/7.0/toolchain/avr8/avr8-gnu-toolchain/bin/../lib/gcc/avr/5.4.0/../../../../avr/lib/avrxmega6\libm.a(divsf3x.o)
                              c:/program files (x86)/atmel/studio/7.0/toolchain/avr8/avr8-gnu-toolchain/bin/../lib/gcc/avr/5.4.0/../../../../avr/lib/avrxmega6\libm.a(divsf3.o) (__divsf3x)
c:/program files (x86)/atmel/studio/7.0/toolchain/avr8/avr8-gnu-toolchain/bin/../lib/gcc/avr/5.4.0/../../../../avr/lib/avrxmega6\libm.a(fixsfsi.o)
                              ./rtb_eval_app_ranging.o (__fixsfsi)
c:/program files (x86)/atmel/studio/7.0/toolchain/avr8/avr8-gnu-toolchain/bin/../lib/gcc/avr/5.4.0/../../../../avr/lib/avrxmega6\libm.a(fixunssfsi.o)
                              ./rtb_eval_app_ranging.o (__fixunssfsi)
c:/program files (x86)/atmel/studio/7.0/toolchain/avr8/avr8-gnu-toolchain/bin/../lib/gcc/avr/5.4.0/../../../../avr/lib/avrxmega6\libm.a(floatsisf.o)
                              ./rtb_eval_app_ranging.o (__floatunsisf)
c:/program files (x86)/atmel/studio/7.0/toolchain/avr8/avr8-gnu-toolchain/bin/../lib/gcc/avr/5.4.0/../../../../avr/lib/avrxmega6\libm.a(fp_cmp.o)
                              c:/program files (x86)/atmel/studio/7.0/toolchain/avr8/avr8-gnu-toolchain/bin/../lib/gcc/avr/5.4.0/../../../../avr/lib/avrxmega6\libm.a(cmpsf2.o) (__fp_cmp)
c:/program files (x86)/atmel/studio/7.0/toolchain/avr8/avr8-gnu-toolchain/bin/../lib/gcc/avr/5.4.0/../../../../avr/lib/avrxmega6\libm.a(fp_inf.o)
                              c:/program files (x86)/atmel/studio/7.0/toolchain/avr8/avr8-gnu-toolchain/bin/../lib/gcc/avr/5.4.0/../../../../avr/lib/avrxmega6\libm.a(addsf3x.o) (__fp_inf)
c:/program files (x86)/atmel/studio/7.0/toolchain/avr8/avr8-gnu-toolchain/bin/../lib/gcc/avr/5.4.0/../../../../avr/lib/avrxmega6\libm.a(fp_mintl.o)
                              c:/program files (x86)/atmel/studio/7.0/toolchain/avr8/avr8-gnu-toolchain/bin/../lib/gcc/avr/5.4.0/../../../../avr/lib/avrxmega6\libm.a(ceil.o) (__fp_mintl)
c:/program files (x86)/atmel/studio/7.0/toolchain/avr8/avr8-gnu-toolchain/bin/../lib/gcc/avr/5.4.0/../../../../avr/lib/avrxmega6\libm.a(fp_mpack.o)
                              c:/program files (x86)/atmel/studio/7.0/toolchain/avr8/avr8-gnu-toolchain/bin/../lib/gcc/avr/5.4.0/../../../../avr/lib/avrxmega6\libm.a(ceil.o) (__fp_mpack)
c:/program files (x86)/atmel/studio/7.0/toolchain/avr8/avr8-gnu-toolchain/bin/../lib/gcc/avr/5.4.0/../../../../avr/lib/avrxmega6\libm.a(fp_nan.o)
                              c:/program files (x86)/atmel/studio/7.0/toolchain/avr8/avr8-gnu-toolchain/bin/../lib/gcc/avr/5.4.0/../../../../avr/lib/avrxmega6\libm.a(addsf3x.o) (__fp_nan)
[...]
Memory Configuration

Name             Origin             Length             Attributes
text             0x00000000         0x00042000         xr
data             0x00802000         0x00004000         rw !x
eeprom           0x00810000         0x00001000         rw !x
fuse             0x00820000         0x00000006         rw !x
lock             0x00830000         0x00000400         rw !x
signature        0x00840000         0x00000400         rw !x
user_signatures  0x00850000         0x00000400         rw !x
*default*        0x00000000         0xffffffff

Linker script and memory map

LOAD c:/program files (x86)/atmel/studio/7.0/toolchain/avr8/avr8-gnu-toolchain/bin/../lib/gcc/avr/5.4.0/../../../../avr/lib/avrxmega6/crtatxmega256a3.o
LOAD c:/program files (x86)/atmel/studio/7.0/toolchain/avr8/avr8-gnu-toolchain/bin/../lib/gcc/avr/5.4.0/../../../../avr/lib/avrxmega6\libprintf_flt.a
LOAD c:/program files (x86)/atmel/studio/7.0/toolchain/avr8/avr8-gnu-toolchain/bin/../lib/gcc/avr/5.4.0/../../../../avr/lib/avrxmega6\libm.a
LOAD ./rtb_eval_app.o
LOAD ./rtb_eval_app_param.o
LOAD ./rtb_eval_app_ranging.o
LOAD ./sio_handler.o
LOAD ./pal_uart.o
LOAD ./pal_sio_hub.o
LOAD ./pal_irq.o
LOAD ./pal.o
LOAD ./pal_timer.o
LOAD ./pal_board.o
LOAD ./pal_utils.o
LOAD ./pal_trx_access.o
LOAD ./bmm.o
LOAD ./qmm.o
LOAD ./tal.o
LOAD ./tal_rx.o
LOAD ./tal_tx.o
LOAD ./tal_ed.o
LOAD ./tal_slotted_csma.o
LOAD ./tal_pib.o
LOAD ./tal_init.o
LOAD ./tal_irq_handler.o
LOAD ./tal_pwr_mgmt.o
LOAD ./tal_rx_enable.o
LOAD ./mac_api.o
LOAD ./mac_associate.o
LOAD ./mac_beacon.o
LOAD ./mac_callback_wrapper.o
LOAD ./mac_data_extract_mhr.o
LOAD ./mac_data_ind.o
LOAD ./mac_data_req.o
LOAD ./mac_dispatcher.o
LOAD ./mac.o
LOAD ./mac_mcps_data.o
LOAD ./mac_misc.o
LOAD ./mac_orphan.o
LOAD ./mac_pib.o
LOAD ./mac_poll.o
LOAD ./mac_process_beacon_frame.o
LOAD ./mac_process_tal_tx_frame_status.o
LOAD ./mac_rx_enable.o
LOAD ./mac_scan.o
LOAD ./mac_start.o
LOAD ./mac_tx_coord_realignment_command.o
LOAD ./rtb.o
LOAD ./rtb_api.o
LOAD ./rtb_callback_wrapper.o
LOAD ./rtb_dispatcher.o
LOAD ./rtb_hw_233r_xmega.o
LOAD ./rtb_pib.o
LOAD ./rtb_rx.o
LOAD ./rtb_tx.o
LOAD ./usr_mcps_data_conf.o
LOAD ./usr_mcps_data_ind.o
LOAD ./usr_mlme_associate_conf.o
LOAD ./usr_mlme_associate_ind.o
LOAD ./usr_mlme_comm_status_ind.o
LOAD ./usr_mlme_get_conf.o
LOAD ./usr_mlme_orphan_ind.o
LOAD ./usr_mlme_poll_conf.o
LOAD ./usr_mlme_rx_enable_conf.o
LOAD ./usr_mlme_scan_conf.o
LOAD ./usr_mlme_start_conf.o
LOAD ../../../../../RTB/RTB_Lib/AT86RF233_ATXMEGA256A3_REB_8_1_CBB/GCC\lib_rtb_pmu_233r_remote.a
LOAD c:/program files (x86)/atmel/studio/7.0/toolchain/avr8/avr8-gnu-toolchain/bin/../lib/gcc/avr/5.4.0/../../../../avr/lib/avrxmega6\libm.a
START GROUP
LOAD c:/program files (x86)/atmel/studio/7.0/toolchain/avr8/avr8-gnu-toolchain/bin/../lib/gcc/avr/5.4.0/avrxmega6\libgcc.a
LOAD c:/program files (x86)/atmel/studio/7.0/toolchain/avr8/avr8-gnu-toolchain/bin/../lib/gcc/avr/5.4.0/../../../../avr/lib/avrxmega6\libm.a
LOAD c:/program files (x86)/atmel/studio/7.0/toolchain/avr8/avr8-gnu-toolchain/bin/../lib/gcc/avr/5.4.0/../../../../avr/lib/avrxmega6\libc.a
LOAD c:/program files (x86)/atmel/studio/7.0/toolchain/avr8/avr8-gnu-toolchain/bin/../lib/gcc/avr/5.4.0/../../../../avr/lib/avrxmega6\libatxmega256a3.a
END GROUP
                0x00000000                __TEXT_REGION_ORIGIN__ = DEFINED (__TEXT_REGION_ORIGIN__)?__TEXT_REGION_ORIGIN__:0x0
                [0x00802000]                __DATA_REGION_ORIGIN__ = DEFINED (__DATA_REGION_ORIGIN__)?__DATA_REGION_ORIGIN__:0x802000
                [0x00042000]                __TEXT_REGION_LENGTH__ = DEFINED (__TEXT_REGION_LENGTH__)?__TEXT_REGION_LENGTH__:0x100000
                [0x00004000]                __DATA_REGION_LENGTH__ = DEFINED (__DATA_REGION_LENGTH__)?__DATA_REGION_LENGTH__:0xffa0
                [0x00001000]                __EEPROM_REGION_LENGTH__ = DEFINED (__EEPROM_REGION_LENGTH__)?__EEPROM_REGION_LENGTH__:0x10000
                [0x00000006]                __FUSE_REGION_LENGTH__ = DEFINED (__FUSE_REGION_LENGTH__)?__FUSE_REGION_LENGTH__:0x400
                0x00000400                __LOCK_REGION_LENGTH__ = DEFINED (__LOCK_REGION_LENGTH__)?__LOCK_REGION_LENGTH__:0x400
                0x00000400                __SIGNATURE_REGION_LENGTH__ = DEFINED (__SIGNATURE_REGION_LENGTH__)?__SIGNATURE_REGION_LENGTH__:0x400
                0x00000400                __USER_SIGNATURE_REGION_LENGTH__ = DEFINED (__USER_SIGNATURE_REGION_LENGTH__)?__USER_SIGNATURE_REGION_LENGTH__:0x400

.hash
 *(.hash)

.dynsym
 *(.dynsym)

.dynstr
 *(.dynstr)

.gnu.version
 *(.gnu.version)

.gnu.version_d
 *(.gnu.version_d)

.gnu.version_r
 *(.gnu.version_r)

.rel.init
 *(.rel.init)

.rela.init
 *(.rela.init)

.rel.text
 *(.rel.text)
 *(.rel.text.*)
 *(.rel.gnu.linkonce.t*)

.rela.text
 *(.rela.text)
 *(.rela.text.*)
 *(.rela.gnu.linkonce.t*)

.rel.fini
 *(.rel.fini)

.rela.fini
 *(.rela.fini)

.rel.rodata
 *(.rel.rodata)
 *(.rel.rodata.*)
 *(.rel.gnu.linkonce.r*)

.rela.rodata
 *(.rela.rodata)
 *(.rela.rodata.*)
 *(.rela.gnu.linkonce.r*)

.rel.data
 *(.rel.data)
 *(.rel.data.*)
 *(.rel.gnu.linkonce.d*)

.rela.data
 *(.rela.data)
 *(.rela.data.*)
 *(.rela.gnu.linkonce.d*)

.rel.ctors
 *(.rel.ctors)

.rela.ctors
 *(.rela.ctors)

.rel.dtors
 *(.rel.dtors)

.rela.dtors
 *(.rela.dtors)

.rel.got
 *(.rel.got)

.rela.got
 *(.rela.got)

.rel.bss
 *(.rel.bss)

.rela.bss
 *(.rela.bss)

.rel.plt
 *(.rel.plt)

.rela.plt
 *(.rela.plt)

.text           0x00000000     0xaadc
 *(.vectors)
 .vectors       0x00000000      0x1e8 c:/program files (x86)/atmel/studio/7.0/toolchain/avr8/avr8-gnu-toolchain/bin/../lib/gcc/avr/5.4.0/../../../../avr/lib/avrxmega6/crtatxmega256a3.o
                0x00000000                __vector_default
                0x00000000                __vectors
 *(.vectors)
 *(.progmem.gcc*)
 .progmem.gcc_sw_table
                0x000001e8       0x94 ./rtb_eval_app.o
 .progmem.gcc_sw_table
                0x0000027c       0x5a ./tal.o
 .progmem.gcc_sw_table
                0x000002d6       0x2e ./rtb.o
 .progmem.gcc_sw_table
                0x00000304       0x18 ./rtb_pib.o
 .progmem.gcc_sw_table
                0x0000031c       0x10 ./rtb_tx.o
                0x0000032c                . = ALIGN (0x2)
                0x0000032c                __trampolines_start = .
 *(.trampolines)
 .trampolines   0x0000032c      0x174 linker stubs
 *(.trampolines*)
                0x000004a0                __trampolines_end = .
 *libprintf_flt.a:*(.progmem.data)
 .progmem.data  0x000004a0        0x8 c:/program files (x86)/atmel/studio/7.0/toolchain/avr8/avr8-gnu-toolchain/bin/../lib/gcc/avr/5.4.0/../../../../avr/lib/avrxmega6\libprintf_flt.a(vfprintf_flt.o)
 *libc.a:*(.progmem.data)
 .progmem.data  0x000004a8       0xfa c:/program files (x86)/atmel/studio/7.0/toolchain/avr8/avr8-gnu-toolchain/bin/../lib/gcc/avr/5.4.0/../../../../avr/lib/avrxmega6\libc.a(ftoa_engine.o)
 *(.progmem*)
 .progmem.data  0x000005a2       0x10 ./tal_pib.o
                0x000005a2                tx_pwr_table
 .progmem.data  0x000005b2       0x48 ./mac_dispatcher.o
 .progmem.data  0x000005fa       0x29 ./mac_pib.o
 .progmem.data  0x00000623       0x10 ./rtb_dispatcher.o
 .progmem.data  0x00000633        0xc ./rtb_pib.o
                0x00000640                . = ALIGN (0x2)
 *fill*         0x0000063f        0x1 
 *(.jumptables)
 *(.jumptables*)
 *(.lowtext)
 *(.lowtext*)
                0x00000640                __ctors_start = .
 *(.ctors)
                0x00000640                __ctors_end = .
                0x00000640                __dtors_start = .
 *(.dtors)
                0x00000640                __dtors_end = .
 SORT(*)(.ctors)
 SORT(*)(.dtors)
 *(.init0)
 .init0         0x00000640        0x0 c:/program files (x86)/atmel/studio/7.0/toolchain/avr8/avr8-gnu-toolchain/bin/../lib/gcc/avr/5.4.0/../../../../avr/lib/avrxmega6/crtatxmega256a3.o
                0x00000640                __init
 *(.init0)
 *(.init1)
 *(.init1)
 *(.init2)
 .init2         0x00000640       0x10 c:/program files (x86)/atmel/studio/7.0/toolchain/avr8/avr8-gnu-toolchain/bin/../lib/gcc/avr/5.4.0/../../../../avr/lib/avrxmega6/crtatxmega256a3.o
 *(.init2)
 *(.init3)
 *(.init3)
 *(.init4)
 .init4         0x00000650       0x1a c:/program files (x86)/atmel/studio/7.0/toolchain/avr8/avr8-gnu-toolchain/bin/../lib/gcc/avr/5.4.0/avrxmega6\libgcc.a(_copy_data.o)
                0x00000650                __do_copy_data
 .init4         0x0000066a       0x10 c:/program files (x86)/atmel/studio/7.0/toolchain/avr8/avr8-gnu-toolchain/bin/../lib/gcc/avr/5.4.0/avrxmega6\libgcc.a(_clear_bss.o)
                0x0000066a                __do_clear_bss
 *(.init4)
 *(.init5)
 *(.init5)
 *(.init6)
 *(.init6)
 *(.init7)
 *(.init7)
 *(.init8)
 *(.init8)
 *(.init9)
 .init9         0x0000067a        0x8 c:/program files (x86)/atmel/studio/7.0/toolchain/avr8/avr8-gnu-toolchain/bin/../lib/gcc/avr/5.4.0/../../../../avr/lib/avrxmega6/crtatxmega256a3.o
 *(.init9)
 *(.text)
 .text          0x00000682        0x4 c:/program files (x86)/atmel/studio/7.0/toolchain/avr8/avr8-gnu-toolchain/bin/../lib/gcc/avr/5.4.0/../../../../avr/lib/avrxmega6/crtatxmega256a3.o
                0x00000682                __vector_38
                0x00000682                __vector_104
                0x00000682                __vector_63
                0x00000682                __vector_28
                0x00000682                __vector_67
                0x00000682                __vector_1
                0x00000682                __vector_119
                0x00000682                __vector_32
                0x00000682                __vector_75
                0x00000682                __vector_71
                0x00000682                __vector_91
                0x00000682                __vector_62
                0x00000682                __vector_77
                0x00000682                __vector_102
                0x00000682                __vector_24
                0x00000682                __vector_12
                0x00000682                __vector_55
                0x00000682                __vector_69
                0x00000682                __vector_81
                0x00000682                __vector_46
                0x00000682                __bad_interrupt
                0x00000682                __vector_72
                0x00000682                __vector_114
                0x00000682                __vector_6
                0x00000682                __vector_110
                0x00000682                __vector_31
                0x00000682                __vector_92
                0x00000682                __vector_35
                0x00000682                __vector_78
                0x00000682                __vector_74
                0x00000682                __vector_117
                0x00000682                __vector_39
                0x00000682                __vector_107
                0x00000682                __vector_3
                0x00000682                __vector_105
                0x00000682                __vector_98
                0x00000682                __vector_23
                0x00000682                __vector_68
                0x00000682                __vector_30
                0x00000682                __vector_73
                0x00000682                __vector_45
                0x00000682                __vector_25
                0x00000682                __vector_93
                0x00000682                __vector_61
                0x00000682                __vector_11
                0x00000682                __vector_54
                0x00000682                __vector_99
                0x00000682                __vector_13
                0x00000682                __vector_17
                0x00000682                __vector_19
                0x00000682                __vector_56
                0x00000682                __vector_7
                0x00000682                __vector_49
                0x00000682                __vector_41
                0x00000682                __vector_86
                0x00000682                __vector_100
                0x00000682                __vector_101
                0x00000682                __vector_64
                0x00000682                __vector_109
                0x00000682                __vector_43
                0x00000682                __vector_27
                0x00000682                __vector_5
                0x00000682                __vector_113
                0x00000682                __vector_33
                0x00000682                __vector_76
                0x00000682                __vector_115
                0x00000682                __vector_47
                0x00000682                __vector_52
                0x00000682                __vector_37
                0x00000682                __vector_95
                0x00000682                __vector_103
                0x00000682                __vector_96
                0x00000682                __vector_89
                0x00000682                __vector_108
                0x00000682                __vector_4
                0x00000682                __vector_44
                0x00000682                __vector_82
                0x00000682                __vector_106
                0x00000682                __vector_118
                0x00000682                __vector_51
                0x00000682                __vector_9
                0x00000682                __vector_21
                0x00000682                __vector_15
                0x00000682                __vector_66
                0x00000682                __vector_36
                0x00000682                __vector_79
                0x00000682                __vector_58
                0x00000682                __vector_70
                0x00000682                __vector_83
                0x00000682                __vector_29
                0x00000682                __vector_60
                0x00000682                __vector_121
                0x00000682                __vector_40
                0x00000682                __vector_85
                0x00000682                __vector_94
                0x00000682                __vector_8
                0x00000682                __vector_26
                0x00000682                __vector_48
                0x00000682                __vector_116
                0x00000682                __vector_112
                0x00000682                __vector_111
                0x00000682                __vector_80
                0x00000682                __vector_84
                0x00000682                __vector_57
                0x00000682                __vector_53
                0x00000682                __vector_10
                0x00000682                __vector_50
                0x00000682                __vector_59
                0x00000682                __vector_18
                0x00000682                __vector_97
                0x00000682                __vector_20
                0x00000682                __vector_42
                0x00000682                __vector_87
                0x00000682                __vector_65
                0x00000682                __vector_120
 .text          0x00000686        0x0 c:/program files (x86)/atmel/studio/7.0/toolchain/avr8/avr8-gnu-toolchain/bin/../lib/gcc/avr/5.4.0/../../../../avr/lib/avrxmega6\libprintf_flt.a(vfprintf_flt.o)
 .text          0x00000686      0x5b0 ./rtb_eval_app.o
                0x000007fa                usr_rtb_range_conf
                0x000008d8                usr_mlme_reset_conf
                0x0000090c                usr_mlme_set_conf
                0x00000918                usr_rtb_reset_conf
                0x00000a52                usr_rtb_set_conf
                0x00000a54                usr_rtb_pmu_validity_ind
                0x00000bd8                timeout_remote_ranging_cb
 .text          0x00000c36      0xcfa ./rtb_eval_app_param.o
                0x00000c5a                fill_range_addresses
                0x00000dd8                get_int
                0x00000e58                print_range_addresses
                0x000010ca                range_load_param
                0x00001186                range_set_default_addr
                0x00001272                range_store_param
                0x0000131a                set_addr_scheme
                0x0000136c                set_antenna_diversity
                0x000013b2                set_application_min_threshold
                0x000013f8                set_channel
                0x00001440                set_default_antenna
                0x00001486                set_default_non_addr_param
                0x000014b0                set_freq_start
                0x000014ee                set_filtering_length_cont
                0x00001524                set_filtering_method_cont
                0x0000158c                set_freq_step
                0x000015d2                set_freq_stop
                0x00001610                set_coordinator_addr_mode
                0x00001656                set_init_long_addr
                0x0000168a                set_init_short_addr
                0x000016aa                set_pan_id
                0x000016e8                set_provisioning_of_results
                0x0000172e                set_provisioning_of_tx_power
                0x00001774                set_refl_long_addr
                0x000017a8                set_refl_short_addr
                0x000017c8                set_short_addr
                0x00001806                set_own_short_addr
                0x00001832                set_transmit_power
                0x00001888                set_verbose_level
                0x000018d0                write_pib
 .text          0x00001930      0xcd4 ./rtb_eval_app_ranging.o
                0x0000195a                continue_ranging_after_timeout_cb
                0x0000197a                continue_ranging
                0x00001a32                handle_range_conf_z
                0x00001a9a                handle_cont_ranging_res
                0x0000227c                handle_cont_range_conf
                0x000022b0                init_ranging
                0x00002358                go_ranging
                0x000023b6                print_status
                0x00002428                handle_range_conf
 .text          0x00002604       0xd8 ./sio_handler.o
                0x00002604                _sio_putchar
                0x0000264a                _sio_getchar
                0x0000267c                _sio_getchar_nowait
                0x000026aa                sio_binarywrite
 .text          0x000026dc      0x218 ./pal_uart.o
                0x000026dc                sio_uart_0_init
                0x00002746                sio_uart_0_tx
                0x000027cc                sio_uart_0_rx
                0x00002842                __vector_88
                0x0000289a                __vector_90
 .text          0x000028f4       0x3c ./pal_sio_hub.o
                0x000028f4                pal_sio_init
                0x0000290c                pal_sio_tx
                0x0000291e                pal_sio_rx
 .text          0x00002930       0x6e ./pal_irq.o
                0x00002930                pal_trx_irq_init
                0x00002948                __vector_2
 .text          0x0000299e      0x1ba ./pal.o
                0x000029ce                pal_init
                0x000029f8                pal_task
                0x000029fc                pal_ps_get
                0x00002a6e                pal_ps_set
                0x00002b3e                pal_alert
 .text          0x00002b58      0x6ac ./pal_timer.o
                0x00002c40                timer_init
                0x00002c78                pal_timer_source_select
                0x00002c8c                pal_get_current_time
                0x00002ca4                pal_timer_delay
                0x00002cf8                pal_is_timer_running
                0x00002d14                internal_timer_handler
                0x00002d8a                timer_service
                0x00002e00                pal_timer_start
                0x00003024                pal_timer_stop
                0x0000317c                __vector_14
                0x000031de                __vector_16
 .text          0x00003204      0x318 ./pal_board.o
                0x00003204                pal_trx_read_timestamp
                0x0000323e                pal_calibrate_rc_osc
                0x00003242                event_system_init
                0x00003256                interrupt_system_init
                0x00003262                clock_init
                0x00003290                gpio_init
                0x000032d4                timer_init_non_generic
                0x000032f8                extern_eeprom_get
                0x00003414                pal_led_init
                0x00003420                pal_led
                0x0000347c                pal_button_init
                0x00003492                pal_button_read
                0x0000349e                pal_configure_port_interrupt
                0x000034ca                __vector_34
                0x00003506                pal_sleep_mode
 .text          0x0000351c        0x0 ./pal_utils.o
 .text          0x0000351c      0x230 ./pal_trx_access.o
                0x0000351c                trx_interface_init
                0x00003532                pal_trx_reg_write
                0x0000356c                pal_trx_reg_read
                0x000035aa                pal_trx_frame_read
                0x00003606                pal_trx_frame_write
                0x0000363a                pal_trx_bit_read
                0x0000365a                pal_trx_bit_write
                0x0000368e                pal_trx_sram_write
                0x000036dc                pal_trx_sram_read
 .text          0x0000374c       0x5a ./bmm.o
                0x0000374c                bmm_buffer_init
                0x0000378a                bmm_buffer_alloc
                0x00003796                bmm_buffer_free
 .text          0x000037a6      0x160 ./qmm.o
                0x00003884                qmm_queue_init
                0x00003892                qmm_queue_append
                0x000038c8                qmm_queue_remove
                0x000038d2                qmm_queue_read
                0x000038dc                qmm_queue_flush
 .text          0x00003906      0x38a ./tal.o
                0x000039cc                set_trx_state
                0x00003c26                tal_task
 .text          0x00003c90      0x108 ./tal_rx.o
                0x00003c90                handle_received_frame_irq
                0x00003d2a                process_incoming_frame
 .text          0x00003d98      0x132 ./tal_tx.o
                0x00003d98                tx_done_handling
                0x00003dbc                send_frame
                0x00003e56                tal_tx_frame
                0x00003e8e                handle_tx_end_irq
 .text          0x00003eca        0x0 ./tal_ed.o
 .text          0x00003eca        0x0 ./tal_slotted_csma.o
 .text          0x00003eca      0x33e ./tal_pib.o
                0x00003efa                write_all_tal_pib_to_trx
                0x00003fa0                limit_tx_pwr
                0x00003fe2                init_tal_pib
                0x0000403e                tal_pib_set
 .text          0x00004208      0x38e ./tal_init.o
                0x0000428a                trx_config
                0x00004324                tal_generate_rand_seed
                0x000043f0                tal_reset
                0x0000445c                tal_init
 .text          0x00004596       0x3e ./tal_irq_handler.o
                0x00004596                trx_irq_handler_cb
                0x000045c2                trx_irq_awake_handler_cb
 .text          0x000045d4       0x5e ./tal_pwr_mgmt.o
                0x000045d4                tal_trx_sleep
                0x0000460e                tal_trx_wakeup
 .text          0x00004632       0x3a ./tal_rx_enable.o
                0x00004632                tal_rx_enable
 .text          0x0000466c      0x172 ./mac_api.o
                0x0000466c                wpan_init
                0x00004678                wpan_task
                0x000046a8                wpan_mcps_data_req
                0x0000475c                wpan_mlme_reset_req
                0x0000478a                wpan_mlme_set_req
 .text          0x000047de        0x0 ./mac_associate.o
 .text          0x000047de        0x0 ./mac_beacon.o
 .text          0x000047de       0xfa ./mac_callback_wrapper.o
                0x000047de                mcps_data_ind
                0x00004886                mcps_data_conf
                0x000048a2                mlme_reset_conf
                0x000048bc                mlme_set_conf
 .text          0x000048d8      0x162 ./mac_data_extract_mhr.o
                0x000048d8                mac_extract_mhr_addr_info
 .text          0x00004a3a      0x1fc ./mac_data_ind.o
                0x00004a3a                mac_process_tal_data_ind
                0x00004c1e                tal_rx_frame_cb
 .text          0x00004c36        0x0 ./mac_data_req.o
 .text          0x00004c36       0x2c ./mac_dispatcher.o
                0x00004c36                dispatch_event
 .text          0x00004c62       0x8e ./mac.o
                0x00004c62                mac_task
                0x00004cb2                mac_ready_to_sleep
 .text          0x00004cf0      0x45e ./mac_mcps_data.o
                0x00004cf0                mac_gen_mcps_data_conf
                0x00004d08                mcps_data_request
                0x00004f7e                mac_process_data_frame
 .text          0x0000514e      0x1ee ./mac_misc.o
                0x000051d2                mac_trx_init_sleep
                0x000051f8                mac_sleep_trans
                0x0000520e                mac_init
                0x00005256                mac_trx_wakeup
                0x00005272                mac_idle_trans
                0x000052c4                mlme_reset_request
 .text          0x0000533c        0x0 ./mac_orphan.o
 .text          0x0000533c      0x21a ./mac_pib.o
                0x0000533c                mlme_set
                0x000054b0                mlme_set_request
                0x000054ea                set_tal_pib_internal
                0x00005522                mac_get_pib_attribute_size
 .text          0x00005556        0x0 ./mac_poll.o
 .text          0x00005556        0x0 ./mac_process_beacon_frame.o
 .text          0x00005556       0x1c ./mac_process_tal_tx_frame_status.o
                0x00005556                tal_tx_frame_done_cb
 .text          0x00005572        0x0 ./mac_rx_enable.o
 .text          0x00005572        0x0 ./mac_scan.o
 .text          0x00005572        0x0 ./mac_start.o
 .text          0x00005572        0x0 ./mac_tx_coord_realignment_command.o
 .text          0x00005572      0x772 ./rtb.o
                0x00005606                range_gen_rtb_range_conf
                0x00005684                range_gen_rtb_remote_range_conf
                0x000057aa                configure_ranging
                0x000057ae                range_stop_await_timer
                0x000057b4                range_exit
                0x000057f4                range_result_presentation
                0x0000582e                handle_range_frame_error
                0x00005858                range_t_await_frame_cb
                0x000058b4                range_start_await_timer
                0x000058fe                reset_pmu_average_data
                0x00005914                rtb_init
                0x0000595a                rtb_reset_request
                0x0000598c                rtb_task
                0x00005a6c                rtb_range_request
 .text          0x00005ce4       0xb6 ./rtb_api.o
                0x00005ce4                wpan_rtb_reset_req
                0x00005d0a                wpan_rtb_set_req
                0x00005d5e                wpan_rtb_range_req
 .text          0x00005d9a       0x68 ./rtb_callback_wrapper.o
                0x00005d9a                rtb_range_conf
                0x00005db4                rtb_reset_conf
                0x00005dce                rtb_set_conf
                0x00005de8                rtb_pmu_validitiy_ind
 .text          0x00005e02       0x2e ./rtb_dispatcher.o
                0x00005e02                dispatch_rtb_event
 .text          0x00005e30      0x100 ./rtb_hw_233r_xmega.o
                0x00005e30                set_slp_trx_high
                0x00005e38                set_slp_trx_low
                0x00005e40                rtb_tstamp_irq_init
                0x00005ea8                rtb_tstamp_irq_exit
                0x00005eca                __vector_22
 .text          0x00005f30      0x158 ./rtb_pib.o
                0x00005f30                rtb_set
                0x0000603a                rtb_set_request
                0x00006074                rtb_get_pib_attribute_size
 .text          0x00006088      0x6dc ./rtb_rx.o
                0x00006088                rtb_rx_frame_cb
                0x000060a2                rtb_process_data_ind
 .text          0x00006764      0x8b6 ./rtb_tx.o
                0x00006764                range_process_tal_tx_status
                0x00006858                rtb_tx_frame_done_cb
                0x00006868                range_build_frame
                0x00006efc                range_assemble_and_tx_frame_csma
                0x00006fd6                range_tx_range_accept_frame
                0x00006fe2                range_tx_result_req_frame
                0x00006ff8                range_tx_result_conf_frame
                0x0000700e                range_tx_remote_range_conf_frame
 .text          0x0000701a        0x2 ./usr_mcps_data_conf.o
                0x0000701a                usr_mcps_data_conf
 .text          0x0000701c        0x2 ./usr_mcps_data_ind.o
                0x0000701c                usr_mcps_data_ind
 .text          0x0000701e        0x0 ./usr_mlme_associate_conf.o
 .text          0x0000701e        0x2 ./usr_mlme_associate_ind.o
                0x0000701e                usr_mlme_associate_ind
 .text          0x00007020        0x2 ./usr_mlme_comm_status_ind.o
                0x00007020                usr_mlme_comm_status_ind
 .text          0x00007022        0x0 ./usr_mlme_get_conf.o
 .text          0x00007022        0x2 ./usr_mlme_orphan_ind.o
                0x00007022                usr_mlme_orphan_ind
 .text          0x00007024        0x0 ./usr_mlme_poll_conf.o
 .text          0x00007024        0x0 ./usr_mlme_rx_enable_conf.o
 .text          0x00007024        0x0 ./usr_mlme_scan_conf.o
 .text          0x00007024        0x2 ./usr_mlme_start_conf.o
                0x00007024                usr_mlme_start_conf
 .text          0x00007026      0xe0e ../../../../../RTB/RTB_Lib/AT86RF233_ATXMEGA256A3_REB_8_1_CBB/GCC\lib_rtb_pmu_233r_remote.a(rtb_pmu_math.o)
                0x00007026                range_calc_aver_pmu4
                0x0000719e                pmu_math_pmu_2_dist
 .text          0x00007e34      0x2a4 ../../../../../RTB/RTB_Lib/AT86RF233_ATXMEGA256A3_REB_8_1_CBB/GCC\lib_rtb_pmu_233r_remote.a(rtb_pmu_result.o)
                0x00007e34                pmu_extract_no_of_req_result_values
                0x00007e3e                pmu_fill_initial_start_addr
                0x00007e4e                pmu_fill_result_data
                0x00007ea8                pmu_handle_received_pmu_values
                0x00007f0c                pmu_get_no_of_results_to_be_sent
                0x00007f24                pmu_more_results_to_be_expected
                0x00007f40                pmu_no_more_pmu_data_available
                0x00007f5c                pmu_set_pmu_result_idx_done
                0x00007f6a                pmu_reset_pmu_result_vars
                0x00007f7c                pmu_update_result_ptr
                0x00007fa0                pmu_prepare_result_exchange
                0x00008004                pmu_range_pmu_result_dump
                0x00008006                pmu_validity_indication
                0x000080b6                pmu_result_presentation
 .text          0x000080d8      0x984 ../../../../../RTB/RTB_Lib/AT86RF233_ATXMEGA256A3_REB_8_1_CBB/GCC\lib_rtb_pmu_233r_remote.a(rtb_pmu_233r.o)
                0x000080d8                pmu_configure_ranging
                0x00008128                pmu_configure_antenna
                0x000081b0                pmu_enable_fec_measurement
                0x000081d0                pmu_disable_fec_measurement
                0x000081e2                pmu_perform_pmu_measurement
                0x0000899c                pmu_tx_pmu_time_sync_frame
                0x000089c4                pmu_check_pmu_params
                0x00008a04                rtb_update_fec
                0x00008a52                pmu_reset_fec_vars
 .text          0x00008a5c        0x0 c:/program files (x86)/atmel/studio/7.0/toolchain/avr8/avr8-gnu-toolchain/bin/../lib/gcc/avr/5.4.0/../../../../avr/lib/avrxmega6\libm.a(addsf3.o)
 .text          0x00008a5c        0x0 c:/program files (x86)/atmel/studio/7.0/toolchain/avr8/avr8-gnu-toolchain/bin/../lib/gcc/avr/5.4.0/../../../../avr/lib/avrxmega6\libm.a(addsf3x.o)
 .text          0x00008a5c        0x0 c:/program files (x86)/atmel/studio/7.0/toolchain/avr8/avr8-gnu-toolchain/bin/../lib/gcc/avr/5.4.0/../../../../avr/lib/avrxmega6\libm.a(ceil.o)
 .text          0x00008a5c        0x0 c:/program files (x86)/atmel/studio/7.0/toolchain/avr8/avr8-gnu-toolchain/bin/../lib/gcc/avr/5.4.0/../../../../avr/lib/avrxmega6\libm.a(cmpsf2.o)
 .text          0x00008a5c        0x0 c:/program files (x86)/atmel/studio/7.0/toolchain/avr8/avr8-gnu-toolchain/bin/../lib/gcc/avr/5.4.0/../../../../avr/lib/avrxmega6\libm.a(divsf3.o)
 .text          0x00008a5c        0x0 c:/program files (x86)/atmel/studio/7.0/toolchain/avr8/avr8-gnu-toolchain/bin/../lib/gcc/avr/5.4.0/../../../../avr/lib/avrxmega6\libm.a(divsf3x.o)
 .text          0x00008a5c        0x0 c:/program files (x86)/atmel/studio/7.0/toolchain/avr8/avr8-gnu-toolchain/bin/../lib/gcc/avr/5.4.0/../../../../avr/lib/avrxmega6\libm.a(fixsfsi.o)
 .text          0x00008a5c        0x0 c:/program files (x86)/atmel/studio/7.0/toolchain/avr8/avr8-gnu-toolchain/bin/../lib/gcc/avr/5.4.0/../../../../avr/lib/avrxmega6\libm.a(fixunssfsi.o)
 .text          0x00008a5c        0x0 c:/program files (x86)/atmel/studio/7.0/toolchain/avr8/avr8-gnu-toolchain/bin/../lib/gcc/avr/5.4.0/../../../../avr/lib/avrxmega6\libm.a(floatsisf.o)
 .text          0x00008a5c        0x0 c:/program files (x86)/atmel/studio/7.0/toolchain/avr8/avr8-gnu-toolchain/bin/../lib/gcc/avr/5.4.0/../../../../avr/lib/avrxmega6\libm.a(fp_cmp.o)
 .text          0x00008a5c        0x0 c:/program files (x86)/atmel/studio/7.0/toolchain/avr8/avr8-gnu-toolchain/bin/../lib/gcc/avr/5.4.0/../../../../avr/lib/avrxmega6\libm.a(fp_inf.o)
 .text          0x00008a5c        0x0 c:/program files (x86)/atmel/studio/7.0/toolchain/avr8/avr8-gnu-toolchain/bin/../lib/gcc/avr/5.4.0/../../../../avr/lib/avrxmega6\libm.a(fp_mintl.o)
 .text          0x00008a5c        0x0 c:/program files (x86)/atmel/studio/7.0/toolchain/avr8/avr8-gnu-toolchain/bin/../lib/gcc/avr/5.4.0/../../../../avr/lib/avrxmega6\libm.a(fp_mpack.o)
 .text          0x00008a5c        0x0 c:/program files (x86)/atmel/studio/7.0/toolchain/avr8/avr8-gnu-toolchain/bin/../lib/gcc/avr/5.4.0/../../../../avr/lib/avrxmega6\libm.a(fp_nan.o)
 .text          0x00008a5c        0x0 c:/program files (x86)/atmel/studio/7.0/toolchain/avr8/avr8-gnu-toolchain/bin/../lib/gcc/avr/5.4.0/../../../../avr/lib/avrxmega6\libm.a(fp_pscA.o)
 .text          0x00008a5c        0x0 c:/program files (x86)/atmel/studio/7.0/toolchain/avr8/avr8-gnu-toolchain/bin/../lib/gcc/avr/5.4.0/../../../../avr/lib/avrxmega6\libm.a(fp_pscB.o)
 .text          0x00008a5c        0x0 c:/program files (x86)/atmel/studio/7.0/toolchain/avr8/avr8-gnu-toolchain/bin/../lib/gcc/avr/5.4.0/../../../../avr/lib/avrxmega6\libm.a(fp_round.o)
 .text          0x00008a5c        0x0 c:/program files (x86)/atmel/studio/7.0/toolchain/avr8/avr8-gnu-toolchain/bin/../lib/gcc/avr/5.4.0/../../../../avr/lib/avrxmega6\libm.a(fp_split3.o)
 .text          0x00008a5c        0x0 c:/program files (x86)/atmel/studio/7.0/toolchain/avr8/avr8-gnu-toolchain/bin/../lib/gcc/avr/5.4.0/../../../../avr/lib/avrxmega6\libm.a(fp_trunc.o)
 .text          0x00008a5c        0x0 c:/program files (x86)/atmel/studio/7.0/toolchain/avr8/avr8-gnu-toolchain/bin/../lib/gcc/avr/5.4.0/../../../../avr/lib/avrxmega6\libm.a(fp_zero.o)
 .text          0x00008a5c        0x0 c:/program files (x86)/atmel/studio/7.0/toolchain/avr8/avr8-gnu-toolchain/bin/../lib/gcc/avr/5.4.0/../../../../avr/lib/avrxmega6\libm.a(gesf2.o)
 .text          0x00008a5c        0x0 c:/program files (x86)/atmel/studio/7.0/toolchain/avr8/avr8-gnu-toolchain/bin/../lib/gcc/avr/5.4.0/../../../../avr/lib/avrxmega6\libm.a(mulsf3.o)
 .text          0x00008a5c        0x0 c:/program files (x86)/atmel/studio/7.0/toolchain/avr8/avr8-gnu-toolchain/bin/../lib/gcc/avr/5.4.0/../../../../avr/lib/avrxmega6\libm.a(mulsf3x.o)
 .text          0x00008a5c        0x0 c:/program files (x86)/atmel/studio/7.0/toolchain/avr8/avr8-gnu-toolchain/bin/../lib/gcc/avr/5.4.0/../../../../avr/lib/avrxmega6\libm.a(round.o)
 .text          0x00008a5c        0x0 c:/program files (x86)/atmel/studio/7.0/toolchain/avr8/avr8-gnu-toolchain/bin/../lib/gcc/avr/5.4.0/avrxmega6\libgcc.a(_mulsi3.o)
 .text          0x00008a5c        0x0 c:/program files (x86)/atmel/studio/7.0/toolchain/avr8/avr8-gnu-toolchain/bin/../lib/gcc/avr/5.4.0/avrxmega6\libgcc.a(_udivmodhi4.o)
 .text          0x00008a5c        0x0 c:/program files (x86)/atmel/studio/7.0/toolchain/avr8/avr8-gnu-toolchain/bin/../lib/gcc/avr/5.4.0/avrxmega6\libgcc.a(_divmodhi4.o)
 .text          0x00008a5c        0x0 c:/program files (x86)/atmel/studio/7.0/toolchain/avr8/avr8-gnu-toolchain/bin/../lib/gcc/avr/5.4.0/avrxmega6\libgcc.a(_udivmodsi4.o)
 .text          0x00008a5c        0x0 c:/program files (x86)/atmel/studio/7.0/toolchain/avr8/avr8-gnu-toolchain/bin/../lib/gcc/avr/5.4.0/avrxmega6\libgcc.a(_exit.o)
 .text          0x00008a5c        0x0 c:/program files (x86)/atmel/studio/7.0/toolchain/avr8/avr8-gnu-toolchain/bin/../lib/gcc/avr/5.4.0/avrxmega6\libgcc.a(_tablejump2.o)
 .text          0x00008a5c        0x0 c:/program files (x86)/atmel/studio/7.0/toolchain/avr8/avr8-gnu-toolchain/bin/../lib/gcc/avr/5.4.0/avrxmega6\libgcc.a(_copy_data.o)
 .text          0x00008a5c        0x0 c:/program files (x86)/atmel/studio/7.0/toolchain/avr8/avr8-gnu-toolchain/bin/../lib/gcc/avr/5.4.0/avrxmega6\libgcc.a(_clear_bss.o)
 .text          0x00008a5c        0x0 c:/program files (x86)/atmel/studio/7.0/toolchain/avr8/avr8-gnu-toolchain/bin/../lib/gcc/avr/5.4.0/avrxmega6\libgcc.a(_muluhisi3.o)
 .text          0x00008a5c        0x0 c:/program files (x86)/atmel/studio/7.0/toolchain/avr8/avr8-gnu-toolchain/bin/../lib/gcc/avr/5.4.0/avrxmega6\libgcc.a(_ashrdi3.o)
 .text          0x00008a5c        0x0 c:/program files (x86)/atmel/studio/7.0/toolchain/avr8/avr8-gnu-toolchain/bin/../lib/gcc/avr/5.4.0/avrxmega6\libgcc.a(_adddi3_s8.o)
 .text          0x00008a5c        0x0 c:/program files (x86)/atmel/studio/7.0/toolchain/avr8/avr8-gnu-toolchain/bin/../lib/gcc/avr/5.4.0/avrxmega6\libgcc.a(_cmpdi2.o)
 .text          0x00008a5c        0x0 c:/program files (x86)/atmel/studio/7.0/toolchain/avr8/avr8-gnu-toolchain/bin/../lib/gcc/avr/5.4.0/avrxmega6\libgcc.a(_cmpdi2_s8.o)
 .text          0x00008a5c        0x0 c:/program files (x86)/atmel/studio/7.0/toolchain/avr8/avr8-gnu-toolchain/bin/../lib/gcc/avr/5.4.0/avrxmega6\libgcc.a(_umulhisi3.o)
 .text          0x00008a5c        0x0 c:/program files (x86)/atmel/studio/7.0/toolchain/avr8/avr8-gnu-toolchain/bin/../lib/gcc/avr/5.4.0/../../../../avr/lib/avrxmega6\libc.a(qsort.o)
 .text          0x00008a5c        0x0 c:/program files (x86)/atmel/studio/7.0/toolchain/avr8/avr8-gnu-toolchain/bin/../lib/gcc/avr/5.4.0/../../../../avr/lib/avrxmega6\libc.a(rand.o)
 .text          0x00008a5c        0x0 c:/program files (x86)/atmel/studio/7.0/toolchain/avr8/avr8-gnu-toolchain/bin/../lib/gcc/avr/5.4.0/../../../../avr/lib/avrxmega6\libc.a(atoi.o)
 .text          0x00008a5c        0x0 c:/program files (x86)/atmel/studio/7.0/toolchain/avr8/avr8-gnu-toolchain/bin/../lib/gcc/avr/5.4.0/../../../../avr/lib/avrxmega6\libc.a(ftoa_engine.o)
 .text          0x00008a5c        0x0 c:/program files (x86)/atmel/studio/7.0/toolchain/avr8/avr8-gnu-toolchain/bin/../lib/gcc/avr/5.4.0/../../../../avr/lib/avrxmega6\libc.a(strnlen_P.o)
 .text          0x00008a5c        0x0 c:/program files (x86)/atmel/studio/7.0/toolchain/avr8/avr8-gnu-toolchain/bin/../lib/gcc/avr/5.4.0/../../../../avr/lib/avrxmega6\libc.a(memcpy.o)
 .text          0x00008a5c        0x0 c:/program files (x86)/atmel/studio/7.0/toolchain/avr8/avr8-gnu-toolchain/bin/../lib/gcc/avr/5.4.0/../../../../avr/lib/avrxmega6\libc.a(strnlen.o)
 .text          0x00008a5c        0x0 c:/program files (x86)/atmel/studio/7.0/toolchain/avr8/avr8-gnu-toolchain/bin/../lib/gcc/avr/5.4.0/../../../../avr/lib/avrxmega6\libc.a(mul10.o)
 .text          0x00008a5c        0x0 c:/program files (x86)/atmel/studio/7.0/toolchain/avr8/avr8-gnu-toolchain/bin/../lib/gcc/avr/5.4.0/../../../../avr/lib/avrxmega6\libc.a(fdevopen.o)
 .text          0x00008a5c        0x0 c:/program files (x86)/atmel/studio/7.0/toolchain/avr8/avr8-gnu-toolchain/bin/../lib/gcc/avr/5.4.0/../../../../avr/lib/avrxmega6\libc.a(fputc.o)
 .text          0x00008a5c        0x0 c:/program files (x86)/atmel/studio/7.0/toolchain/avr8/avr8-gnu-toolchain/bin/../lib/gcc/avr/5.4.0/../../../../avr/lib/avrxmega6\libc.a(iob.o)
 .text          0x00008a5c        0x0 c:/program files (x86)/atmel/studio/7.0/toolchain/avr8/avr8-gnu-toolchain/bin/../lib/gcc/avr/5.4.0/../../../../avr/lib/avrxmega6\libc.a(printf.o)
 .text          0x00008a5c        0x0 c:/program files (x86)/atmel/studio/7.0/toolchain/avr8/avr8-gnu-toolchain/bin/../lib/gcc/avr/5.4.0/../../../../avr/lib/avrxmega6\libc.a(putchar.o)
 .text          0x00008a5c        0x0 c:/program files (x86)/atmel/studio/7.0/toolchain/avr8/avr8-gnu-toolchain/bin/../lib/gcc/avr/5.4.0/../../../../avr/lib/avrxmega6\libc.a(puts.o)
 .text          0x00008a5c        0x0 c:/program files (x86)/atmel/studio/7.0/toolchain/avr8/avr8-gnu-toolchain/bin/../lib/gcc/avr/5.4.0/../../../../avr/lib/avrxmega6\libc.a(ultoa_invert.o)
 .text          0x00008a5c        0x0 c:/program files (x86)/atmel/studio/7.0/toolchain/avr8/avr8-gnu-toolchain/bin/../lib/gcc/avr/5.4.0/../../../../avr/lib/avrxmega6\libc.a(calloc.o)
 .text          0x00008a5c        0x0 c:/program files (x86)/atmel/studio/7.0/toolchain/avr8/avr8-gnu-toolchain/bin/../lib/gcc/avr/5.4.0/../../../../avr/lib/avrxmega6\libc.a(malloc.o)
 .text          0x00008a5c        0x0 c:/program files (x86)/atmel/studio/7.0/toolchain/avr8/avr8-gnu-toolchain/bin/../lib/gcc/avr/5.4.0/../../../../avr/lib/avrxmega6\libc.a(memset.o)
 .text          0x00008a5c        0x0 c:/program files (x86)/atmel/studio/7.0/toolchain/avr8/avr8-gnu-toolchain/bin/../lib/gcc/avr/5.4.0/avrxmega6\libgcc.a(_divmodsi4.o)
 .text          0x00008a5c        0x0 c:/program files (x86)/atmel/studio/7.0/toolchain/avr8/avr8-gnu-toolchain/bin/../lib/gcc/avr/5.4.0/avrxmega6\libgcc.a(_negsi2.o)
 .text          0x00008a5c        0x0 c:/program files (x86)/atmel/studio/7.0/toolchain/avr8/avr8-gnu-toolchain/bin/../lib/gcc/avr/5.4.0/avrxmega6\libgcc.a(_mulshisi3.o)
                0x00008a5c                . = ALIGN (0x2)
 *(.text.*)
 .text.avr-libc
                0x00008a5c      0x740 c:/program files (x86)/atmel/studio/7.0/toolchain/avr8/avr8-gnu-toolchain/bin/../lib/gcc/avr/5.4.0/../../../../avr/lib/avrxmega6\libprintf_flt.a(vfprintf_flt.o)
                0x00008a5c                vfprintf
 .text.startup  0x0000919c      0x614 ./rtb_eval_app.o
                0x0000919c                main
 .text.avr-libc.fplib
                0x000097b0        0xe c:/program files (x86)/atmel/studio/7.0/toolchain/avr8/avr8-gnu-toolchain/bin/../lib/gcc/avr/5.4.0/../../../../avr/lib/avrxmega6\libm.a(addsf3.o)
                0x000097b0                __subsf3
                0x000097b2                __addsf3
 .text.avr-libc.fplib
                0x000097be       0xcc c:/program files (x86)/atmel/studio/7.0/toolchain/avr8/avr8-gnu-toolchain/bin/../lib/gcc/avr/5.4.0/../../../../avr/lib/avrxmega6\libm.a(addsf3x.o)
                0x000097e0                __addsf3x
 .text.avr-libc.fplib
                0x0000988a       0x2e c:/program files (x86)/atmel/studio/7.0/toolchain/avr8/avr8-gnu-toolchain/bin/../lib/gcc/avr/5.4.0/../../../../avr/lib/avrxmega6\libm.a(ceil.o)
                0x0000988a                ceil
 .text.avr-libc.fplib
                0x000098b8        0xa c:/program files (x86)/atmel/studio/7.0/toolchain/avr8/avr8-gnu-toolchain/bin/../lib/gcc/avr/5.4.0/../../../../avr/lib/avrxmega6\libm.a(cmpsf2.o)
                0x000098b8                __nesf2
                0x000098b8                __eqsf2
                0x000098b8                __cmpsf2
                0x000098b8                __ltsf2
                0x000098b8                __lesf2
 .text.avr-libc.fplib
                0x000098c2        0x8 c:/program files (x86)/atmel/studio/7.0/toolchain/avr8/avr8-gnu-toolchain/bin/../lib/gcc/avr/5.4.0/../../../../avr/lib/avrxmega6\libm.a(divsf3.o)
                0x000098c2                __divsf3
 .text.avr-libc.fplib
                0x000098ca       0xdc c:/program files (x86)/atmel/studio/7.0/toolchain/avr8/avr8-gnu-toolchain/bin/../lib/gcc/avr/5.4.0/../../../../avr/lib/avrxmega6\libm.a(divsf3x.o)
                0x000098ea                __divsf3x
                0x000098f0                __divsf3_pse
 .text.avr-libc.fplib
                0x000099a6        0xe c:/program files (x86)/atmel/studio/7.0/toolchain/avr8/avr8-gnu-toolchain/bin/../lib/gcc/avr/5.4.0/../../../../avr/lib/avrxmega6\libm.a(fixsfsi.o)
                0x000099a6                __fixsfsi
 .text.avr-libc.fplib
                0x000099b4       0x5e c:/program files (x86)/atmel/studio/7.0/toolchain/avr8/avr8-gnu-toolchain/bin/../lib/gcc/avr/5.4.0/../../../../avr/lib/avrxmega6\libm.a(fixunssfsi.o)
                0x000099b4                __fixunssfsi
 .text.avr-libc.fplib
                0x00009a12       0x7a c:/program files (x86)/atmel/studio/7.0/toolchain/avr8/avr8-gnu-toolchain/bin/../lib/gcc/avr/5.4.0/../../../../avr/lib/avrxmega6\libm.a(floatsisf.o)
                0x00009a12                __floatunsisf
                0x00009a16                __floatsisf
 .text.avr-libc.fplib
                0x00009a8c       0x48 c:/program files (x86)/atmel/studio/7.0/toolchain/avr8/avr8-gnu-toolchain/bin/../lib/gcc/avr/5.4.0/../../../../avr/lib/avrxmega6\libm.a(fp_cmp.o)
                0x00009a8c                __fp_cmp
 .text.avr-libc.fplib
                0x00009ad4        0xc c:/program files (x86)/atmel/studio/7.0/toolchain/avr8/avr8-gnu-toolchain/bin/../lib/gcc/avr/5.4.0/../../../../avr/lib/avrxmega6\libm.a(fp_inf.o)
                0x00009ad4                __fp_inf
 .text.avr-libc.fplib
                0x00009ae0       0x36 c:/program files (x86)/atmel/studio/7.0/toolchain/avr8/avr8-gnu-toolchain/bin/../lib/gcc/avr/5.4.0/../../../../avr/lib/avrxmega6\libm.a(fp_mintl.o)
                0x00009ae0                __fp_mintl
 .text.avr-libc.fplib
                0x00009b16       0x1c c:/program files (x86)/atmel/studio/7.0/toolchain/avr8/avr8-gnu-toolchain/bin/../lib/gcc/avr/5.4.0/../../../../avr/lib/avrxmega6\libm.a(fp_mpack.o)
                0x00009b16                __fp_mpack
                0x00009b1a                __fp_mpack_finite
 .text.avr-libc.fplib
                0x00009b32        0x6 c:/program files (x86)/atmel/studio/7.0/toolchain/avr8/avr8-gnu-toolchain/bin/../lib/gcc/avr/5.4.0/../../../../avr/lib/avrxmega6\libm.a(fp_nan.o)
                0x00009b32                __fp_nan
 .text.avr-libc.fplib
                0x00009b38        0xe c:/program files (x86)/atmel/studio/7.0/toolchain/avr8/avr8-gnu-toolchain/bin/../lib/gcc/avr/5.4.0/../../../../avr/lib/avrxmega6\libm.a(fp_pscA.o)
                0x00009b38                __fp_pscA
 .text.avr-libc.fplib
                0x00009b46        0xe c:/program files (x86)/atmel/studio/7.0/toolchain/avr8/avr8-gnu-toolchain/bin/../lib/gcc/avr/5.4.0/../../../../avr/lib/avrxmega6\libm.a(fp_pscB.o)
                0x00009b46                __fp_pscB
 .text.avr-libc.fplib
                0x00009b54       0x22 c:/program files (x86)/atmel/studio/7.0/toolchain/avr8/avr8-gnu-toolchain/bin/../lib/gcc/avr/5.4.0/../../../../avr/lib/avrxmega6\libm.a(fp_round.o)
                0x00009b54                __fp_round
 .text.avr-libc.fplib
                0x00009b76       0x44 c:/program files (x86)/atmel/studio/7.0/toolchain/avr8/avr8-gnu-toolchain/bin/../lib/gcc/avr/5.4.0/../../../../avr/lib/avrxmega6\libm.a(fp_split3.o)
                0x00009b76                __fp_split3
                0x00009b86                __fp_splitA
 .text.avr-libc.fplib
                0x00009bba       0x30 c:/program files (x86)/atmel/studio/7.0/toolchain/avr8/avr8-gnu-toolchain/bin/../lib/gcc/avr/5.4.0/../../../../avr/lib/avrxmega6\libm.a(fp_trunc.o)
                0x00009bba                __fp_trunc
 .text.avr-libc.fplib
                0x00009bea        0xe c:/program files (x86)/atmel/studio/7.0/toolchain/avr8/avr8-gnu-toolchain/bin/../lib/gcc/avr/5.4.0/../../../../avr/lib/avrxmega6\libm.a(fp_zero.o)
                0x00009bea                __fp_zero
                0x00009bec                __fp_szero
 .text.avr-libc.fplib
                0x00009bf8        0xa c:/program files (x86)/atmel/studio/7.0/toolchain/avr8/avr8-gnu-toolchain/bin/../lib/gcc/avr/5.4.0/../../../../avr/lib/avrxmega6\libm.a(gesf2.o)
                0x00009bf8                __gesf2
                0x00009bf8                __gtsf2
 .text.avr-libc.fplib
                0x00009c02        0x8 c:/program files (x86)/atmel/studio/7.0/toolchain/avr8/avr8-gnu-toolchain/bin/../lib/gcc/avr/5.4.0/../../../../avr/lib/avrxmega6\libm.a(mulsf3.o)
                0x00009c02                __mulsf3
 .text.avr-libc.fplib
                0x00009c0a       0xd2 c:/program files (x86)/atmel/studio/7.0/toolchain/avr8/avr8-gnu-toolchain/bin/../lib/gcc/avr/5.4.0/../../../../avr/lib/avrxmega6\libm.a(mulsf3x.o)
                0x00009c28                __mulsf3x
                0x00009c2e                __mulsf3_pse
 .text.avr-libc.fplib
                0x00009cdc       0x48 c:/program files (x86)/atmel/studio/7.0/toolchain/avr8/avr8-gnu-toolchain/bin/../lib/gcc/avr/5.4.0/../../../../avr/lib/avrxmega6\libm.a(round.o)
                0x00009cdc                round
 .text.libgcc.mul
                0x00009d24       0x20 c:/program files (x86)/atmel/studio/7.0/toolchain/avr8/avr8-gnu-toolchain/bin/../lib/gcc/avr/5.4.0/avrxmega6\libgcc.a(_mulsi3.o)
                0x00009d24                __mulsi3
 .text.libgcc.div
                0x00009d44        0x0 c:/program files (x86)/atmel/studio/7.0/toolchain/avr8/avr8-gnu-toolchain/bin/../lib/gcc/avr/5.4.0/avrxmega6\libgcc.a(_mulsi3.o)
 .text.libgcc   0x00009d44        0x0 c:/program files (x86)/atmel/studio/7.0/toolchain/avr8/avr8-gnu-toolchain/bin/../lib/gcc/avr/5.4.0/avrxmega6\libgcc.a(_mulsi3.o)
 .text.libgcc.prologue
                0x00009d44        0x0 c:/program files (x86)/atmel/studio/7.0/toolchain/avr8/avr8-gnu-toolchain/bin/../lib/gcc/avr/5.4.0/avrxmega6\libgcc.a(_mulsi3.o)
 .text.libgcc.builtins
                0x00009d44        0x0 c:/program files (x86)/atmel/studio/7.0/toolchain/avr8/avr8-gnu-toolchain/bin/../lib/gcc/avr/5.4.0/avrxmega6\libgcc.a(_mulsi3.o)
 .text.libgcc.fmul
                0x00009d44        0x0 c:/program files (x86)/atmel/studio/7.0/toolchain/avr8/avr8-gnu-toolchain/bin/../lib/gcc/avr/5.4.0/avrxmega6\libgcc.a(_mulsi3.o)
 .text.libgcc.fixed
                0x00009d44        0x0 c:/program files (x86)/atmel/studio/7.0/toolchain/avr8/avr8-gnu-toolchain/bin/../lib/gcc/avr/5.4.0/avrxmega6\libgcc.a(_mulsi3.o)
 .text.libgcc.mul
                0x00009d44        0x0 c:/program files (x86)/atmel/studio/7.0/toolchain/avr8/avr8-gnu-toolchain/bin/../lib/gcc/avr/5.4.0/avrxmega6\libgcc.a(_udivmodhi4.o)
 .text.libgcc.div
                0x00009d44       0x28 c:/program files (x86)/atmel/studio/7.0/toolchain/avr8/avr8-gnu-toolchain/bin/../lib/gcc/avr/5.4.0/avrxmega6\libgcc.a(_udivmodhi4.o)
                0x00009d44                __udivmodhi4
 .text.libgcc   0x00009d6c        0x0 c:/program files (x86)/atmel/studio/7.0/toolchain/avr8/avr8-gnu-toolchain/bin/../lib/gcc/avr/5.4.0/avrxmega6\libgcc.a(_udivmodhi4.o)
 .text.libgcc.prologue
                0x00009d6c        0x0 c:/program files (x86)/atmel/studio/7.0/toolchain/avr8/avr8-gnu-toolchain/bin/../lib/gcc/avr/5.4.0/avrxmega6\libgcc.a(_udivmodhi4.o)
 .text.libgcc.builtins
                0x00009d6c        0x0 c:/program files (x86)/atmel/studio/7.0/toolchain/avr8/avr8-gnu-toolchain/bin/../lib/gcc/avr/5.4.0/avrxmega6\libgcc.a(_udivmodhi4.o)
 .text.libgcc.fmul
                0x00009d6c        0x0 c:/program files (x86)/atmel/studio/7.0/toolchain/avr8/avr8-gnu-toolchain/bin/../lib/gcc/avr/5.4.0/avrxmega6\libgcc.a(_udivmodhi4.o)
 .text.libgcc.fixed
                0x00009d6c        0x0 c:/program files (x86)/atmel/studio/7.0/toolchain/avr8/avr8-gnu-toolchain/bin/../lib/gcc/avr/5.4.0/avrxmega6\libgcc.a(_udivmodhi4.o)
 .text.libgcc.mul
                0x00009d6c        0x0 c:/program files (x86)/atmel/studio/7.0/toolchain/avr8/avr8-gnu-toolchain/bin/../lib/gcc/avr/5.4.0/avrxmega6\libgcc.a(_divmodhi4.o)
 .text.libgcc.div
                0x00009d6c       0x28 c:/program files (x86)/atmel/studio/7.0/toolchain/avr8/avr8-gnu-toolchain/bin/../lib/gcc/avr/5.4.0/avrxmega6\libgcc.a(_divmodhi4.o)
                0x00009d6c                _div
                0x00009d6c                __divmodhi4
 .text.libgcc   0x00009d94        0x0 c:/program files (x86)/atmel/studio/7.0/toolchain/avr8/avr8-gnu-toolchain/bin/../lib/gcc/avr/5.4.0/avrxmega6\libgcc.a(_divmodhi4.o)
 .text.libgcc.prologue
                0x00009d94        0x0 c:/program files (x86)/atmel/studio/7.0/toolchain/avr8/avr8-gnu-toolchain/bin/../lib/gcc/avr/5.4.0/avrxmega6\libgcc.a(_divmodhi4.o)
 .text.libgcc.builtins
                0x00009d94        0x0 c:/program files (x86)/atmel/studio/7.0/toolchain/avr8/avr8-gnu-toolchain/bin/../lib/gcc/avr/5.4.0/avrxmega6\libgcc.a(_divmodhi4.o)
 .text.libgcc.fmul
                0x00009d94        0x0 c:/program files (x86)/atmel/studio/7.0/toolchain/avr8/avr8-gnu-toolchain/bin/../lib/gcc/avr/5.4.0/avrxmega6\libgcc.a(_divmodhi4.o)
 .text.libgcc.fixed
                0x00009d94        0x0 c:/program files (x86)/atmel/studio/7.0/toolchain/avr8/avr8-gnu-toolchain/bin/../lib/gcc/avr/5.4.0/avrxmega6\libgcc.a(_divmodhi4.o)
 .text.libgcc.mul
                0x00009d94        0x0 c:/program files (x86)/atmel/studio/7.0/toolchain/avr8/avr8-gnu-toolchain/bin/../lib/gcc/avr/5.4.0/avrxmega6\libgcc.a(_udivmodsi4.o)
 .text.libgcc.div
                0x00009d94       0x44 c:/program files (x86)/atmel/studio/7.0/toolchain/avr8/avr8-gnu-toolchain/bin/../lib/gcc/avr/5.4.0/avrxmega6\libgcc.a(_udivmodsi4.o)
                0x00009d94                __udivmodsi4
 .text.libgcc   0x00009dd8        0x0 c:/program files (x86)/atmel/studio/7.0/toolchain/avr8/avr8-gnu-toolchain/bin/../lib/gcc/avr/5.4.0/avrxmega6\libgcc.a(_udivmodsi4.o)
 .text.libgcc.prologue
                0x00009dd8        0x0 c:/program files (x86)/atmel/studio/7.0/toolchain/avr8/avr8-gnu-toolchain/bin/../lib/gcc/avr/5.4.0/avrxmega6\libgcc.a(_udivmodsi4.o)
 .text.libgcc.builtins
                0x00009dd8        0x0 c:/program files (x86)/atmel/studio/7.0/toolchain/avr8/avr8-gnu-toolchain/bin/../lib/gcc/avr/5.4.0/avrxmega6\libgcc.a(_udivmodsi4.o)
 .text.libgcc.fmul
                0x00009dd8        0x0 c:/program files (x86)/atmel/studio/7.0/toolchain/avr8/avr8-gnu-toolchain/bin/../lib/gcc/avr/5.4.0/avrxmega6\libgcc.a(_udivmodsi4.o)
 .text.libgcc.fixed
                0x00009dd8        0x0 c:/program files (x86)/atmel/studio/7.0/toolchain/avr8/avr8-gnu-toolchain/bin/../lib/gcc/avr/5.4.0/avrxmega6\libgcc.a(_udivmodsi4.o)
 .text.libgcc.mul
                0x00009dd8        0x0 c:/program files (x86)/atmel/studio/7.0/toolchain/avr8/avr8-gnu-toolchain/bin/../lib/gcc/avr/5.4.0/avrxmega6\libgcc.a(_exit.o)
 .text.libgcc.div
                0x00009dd8        0x0 c:/program files (x86)/atmel/studio/7.0/toolchain/avr8/avr8-gnu-toolchain/bin/../lib/gcc/avr/5.4.0/avrxmega6\libgcc.a(_exit.o)
 .text.libgcc   0x00009dd8        0x0 c:/program files (x86)/atmel/studio/7.0/toolchain/avr8/avr8-gnu-toolchain/bin/../lib/gcc/avr/5.4.0/avrxmega6\libgcc.a(_exit.o)
 .text.libgcc.prologue
                0x00009dd8        0x0 c:/program files (x86)/atmel/studio/7.0/toolchain/avr8/avr8-gnu-toolchain/bin/../lib/gcc/avr/5.4.0/avrxmega6\libgcc.a(_exit.o)
 .text.libgcc.builtins
                0x00009dd8        0x0 c:/program files (x86)/atmel/studio/7.0/toolchain/avr8/avr8-gnu-toolchain/bin/../lib/gcc/avr/5.4.0/avrxmega6\libgcc.a(_exit.o)
 .text.libgcc.fmul
                0x00009dd8        0x0 c:/program files (x86)/atmel/studio/7.0/toolchain/avr8/avr8-gnu-toolchain/bin/../lib/gcc/avr/5.4.0/avrxmega6\libgcc.a(_exit.o)
 .text.libgcc.fixed
                0x00009dd8        0x0 c:/program files (x86)/atmel/studio/7.0/toolchain/avr8/avr8-gnu-toolchain/bin/../lib/gcc/avr/5.4.0/avrxmega6\libgcc.a(_exit.o)
 .text.libgcc.mul
                0x00009dd8        0x0 c:/program files (x86)/atmel/studio/7.0/toolchain/avr8/avr8-gnu-toolchain/bin/../lib/gcc/avr/5.4.0/avrxmega6\libgcc.a(_tablejump2.o)
 .text.libgcc.div
                0x00009dd8        0x0 c:/program files (x86)/atmel/studio/7.0/toolchain/avr8/avr8-gnu-toolchain/bin/../lib/gcc/avr/5.4.0/avrxmega6\libgcc.a(_tablejump2.o)
 .text.libgcc   0x00009dd8       0x10 c:/program files (x86)/atmel/studio/7.0/toolchain/avr8/avr8-gnu-toolchain/bin/../lib/gcc/avr/5.4.0/avrxmega6\libgcc.a(_tablejump2.o)
                0x00009dd8                __tablejump2__
 .text.libgcc.prologue
                0x00009de8        0x0 c:/program files (x86)/atmel/studio/7.0/toolchain/avr8/avr8-gnu-toolchain/bin/../lib/gcc/avr/5.4.0/avrxmega6\libgcc.a(_tablejump2.o)
 .text.libgcc.builtins
                0x00009de8        0x0 c:/program files (x86)/atmel/studio/7.0/toolchain/avr8/avr8-gnu-toolchain/bin/../lib/gcc/avr/5.4.0/avrxmega6\libgcc.a(_tablejump2.o)
 .text.libgcc.fmul
                0x00009de8        0x0 c:/program files (x86)/atmel/studio/7.0/toolchain/avr8/avr8-gnu-toolchain/bin/../lib/gcc/avr/5.4.0/avrxmega6\libgcc.a(_tablejump2.o)
 .text.libgcc.fixed
                0x00009de8        0x0 c:/program files (x86)/atmel/studio/7.0/toolchain/avr8/avr8-gnu-toolchain/bin/../lib/gcc/avr/5.4.0/avrxmega6\libgcc.a(_tablejump2.o)
 .text.libgcc.mul
                0x00009de8        0x0 c:/program files (x86)/atmel/studio/7.0/toolchain/avr8/avr8-gnu-toolchain/bin/../lib/gcc/avr/5.4.0/avrxmega6\libgcc.a(_copy_data.o)
 .text.libgcc.div
                0x00009de8        0x0 c:/program files (x86)/atmel/studio/7.0/toolchain/avr8/avr8-gnu-toolchain/bin/../lib/gcc/avr/5.4.0/avrxmega6\libgcc.a(_copy_data.o)
 .text.libgcc   0x00009de8        0x0 c:/program files (x86)/atmel/studio/7.0/toolchain/avr8/avr8-gnu-toolchain/bin/../lib/gcc/avr/5.4.0/avrxmega6\libgcc.a(_copy_data.o)
 .text.libgcc.prologue
                0x00009de8        0x0 c:/program files (x86)/atmel/studio/7.0/toolchain/avr8/avr8-gnu-toolchain/bin/../lib/gcc/avr/5.4.0/avrxmega6\libgcc.a(_copy_data.o)
 .text.libgcc.builtins
                0x00009de8        0x0 c:/program files (x86)/atmel/studio/7.0/toolchain/avr8/avr8-gnu-toolchain/bin/../lib/gcc/avr/5.4.0/avrxmega6\libgcc.a(_copy_data.o)
 .text.libgcc.fmul
                0x00009de8        0x0 c:/program files (x86)/atmel/studio/7.0/toolchain/avr8/avr8-gnu-toolchain/bin/../lib/gcc/avr/5.4.0/avrxmega6\libgcc.a(_copy_data.o)
 .text.libgcc.fixed
                0x00009de8        0x0 c:/program files (x86)/atmel/studio/7.0/toolchain/avr8/avr8-gnu-toolchain/bin/../lib/gcc/avr/5.4.0/avrxmega6\libgcc.a(_copy_data.o)
 .text.libgcc.mul
                0x00009de8        0x0 c:/program files (x86)/atmel/studio/7.0/toolchain/avr8/avr8-gnu-toolchain/bin/../lib/gcc/avr/5.4.0/avrxmega6\libgcc.a(_clear_bss.o)
 .text.libgcc.div
                0x00009de8        0x0 c:/program files (x86)/atmel/studio/7.0/toolchain/avr8/avr8-gnu-toolchain/bin/../lib/gcc/avr/5.4.0/avrxmega6\libgcc.a(_clear_bss.o)
 .text.libgcc   0x00009de8        0x0 c:/program files (x86)/atmel/studio/7.0/toolchain/avr8/avr8-gnu-toolchain/bin/../lib/gcc/avr/5.4.0/avrxmega6\libgcc.a(_clear_bss.o)
 .text.libgcc.prologue
                0x00009de8        0x0 c:/program files (x86)/atmel/studio/7.0/toolchain/avr8/avr8-gnu-toolchain/bin/../lib/gcc/avr/5.4.0/avrxmega6\libgcc.a(_clear_bss.o)
 .text.libgcc.builtins
                0x00009de8        0x0 c:/program files (x86)/atmel/studio/7.0/toolchain/avr8/avr8-gnu-toolchain/bin/../lib/gcc/avr/5.4.0/avrxmega6\libgcc.a(_clear_bss.o)
 .text.libgcc.fmul
                0x00009de8        0x0 c:/program files (x86)/atmel/studio/7.0/toolchain/avr8/avr8-gnu-toolchain/bin/../lib/gcc/avr/5.4.0/avrxmega6\libgcc.a(_clear_bss.o)
 .text.libgcc.fixed
                0x00009de8        0x0 c:/program files (x86)/atmel/studio/7.0/toolchain/avr8/avr8-gnu-toolchain/bin/../lib/gcc/avr/5.4.0/avrxmega6\libgcc.a(_clear_bss.o)
 .text.libgcc.mul
                0x00009de8       0x16 c:/program files (x86)/atmel/studio/7.0/toolchain/avr8/avr8-gnu-toolchain/bin/../lib/gcc/avr/5.4.0/avrxmega6\libgcc.a(_muluhisi3.o)
                0x00009de8                __muluhisi3
 .text.libgcc.div
                0x00009dfe        0x0 c:/program files (x86)/atmel/studio/7.0/toolchain/avr8/avr8-gnu-toolchain/bin/../lib/gcc/avr/5.4.0/avrxmega6\libgcc.a(_muluhisi3.o)
 .text.libgcc   0x00009dfe        0x0 c:/program files (x86)/atmel/studio/7.0/toolchain/avr8/avr8-gnu-toolchain/bin/../lib/gcc/avr/5.4.0/avrxmega6\libgcc.a(_muluhisi3.o)
 .text.libgcc.prologue
                0x00009dfe        0x0 c:/program files (x86)/atmel/studio/7.0/toolchain/avr8/avr8-gnu-toolchain/bin/../lib/gcc/avr/5.4.0/avrxmega6\libgcc.a(_muluhisi3.o)
 .text.libgcc.builtins
                0x00009dfe        0x0 c:/program files (x86)/atmel/studio/7.0/toolchain/avr8/avr8-gnu-toolchain/bin/../lib/gcc/avr/5.4.0/avrxmega6\libgcc.a(_muluhisi3.o)
 .text.libgcc.fmul
                0x00009dfe        0x0 c:/program files (x86)/atmel/studio/7.0/toolchain/avr8/avr8-gnu-toolchain/bin/../lib/gcc/avr/5.4.0/avrxmega6\libgcc.a(_muluhisi3.o)
 .text.libgcc.fixed
                0x00009dfe        0x0 c:/program files (x86)/atmel/studio/7.0/toolchain/avr8/avr8-gnu-toolchain/bin/../lib/gcc/avr/5.4.0/avrxmega6\libgcc.a(_muluhisi3.o)
 .text.libgcc.mul
                0x00009dfe        0x0 c:/program files (x86)/atmel/studio/7.0/toolchain/avr8/avr8-gnu-toolchain/bin/../lib/gcc/avr/5.4.0/avrxmega6\libgcc.a(_ashrdi3.o)
 .text.libgcc.div
                0x00009dfe        0x0 c:/program files (x86)/atmel/studio/7.0/toolchain/avr8/avr8-gnu-toolchain/bin/../lib/gcc/avr/5.4.0/avrxmega6\libgcc.a(_ashrdi3.o)
 .text.libgcc   0x00009dfe        0x0 c:/program files (x86)/atmel/studio/7.0/toolchain/avr8/avr8-gnu-toolchain/bin/../lib/gcc/avr/5.4.0/avrxmega6\libgcc.a(_ashrdi3.o)
 .text.libgcc.prologue
                0x00009dfe        0x0 c:/program files (x86)/atmel/studio/7.0/toolchain/avr8/avr8-gnu-toolchain/bin/../lib/gcc/avr/5.4.0/avrxmega6\libgcc.a(_ashrdi3.o)
 .text.libgcc.builtins
                0x00009dfe       0x3c c:/program files (x86)/atmel/studio/7.0/toolchain/avr8/avr8-gnu-toolchain/bin/../lib/gcc/avr/5.4.0/avrxmega6\libgcc.a(_ashrdi3.o)
                0x00009dfe                __ashrdi3
                0x00009e02                __lshrdi3
 .text.libgcc.fmul
                0x00009e3a        0x0 c:/program files (x86)/atmel/studio/7.0/toolchain/avr8/avr8-gnu-toolchain/bin/../lib/gcc/avr/5.4.0/avrxmega6\libgcc.a(_ashrdi3.o)
 .text.libgcc.fixed
                0x00009e3a        0x0 c:/program files (x86)/atmel/studio/7.0/toolchain/avr8/avr8-gnu-toolchain/bin/../lib/gcc/avr/5.4.0/avrxmega6\libgcc.a(_ashrdi3.o)
 .text.libgcc.mul
                0x00009e3a        0x0 c:/program files (x86)/atmel/studio/7.0/toolchain/avr8/avr8-gnu-toolchain/bin/../lib/gcc/avr/5.4.0/avrxmega6\libgcc.a(_adddi3_s8.o)
 .text.libgcc.div
                0x00009e3a        0x0 c:/program files (x86)/atmel/studio/7.0/toolchain/avr8/avr8-gnu-toolchain/bin/../lib/gcc/avr/5.4.0/avrxmega6\libgcc.a(_adddi3_s8.o)
 .text.libgcc   0x00009e3a       0x18 c:/program files (x86)/atmel/studio/7.0/toolchain/avr8/avr8-gnu-toolchain/bin/../lib/gcc/avr/5.4.0/avrxmega6\libgcc.a(_adddi3_s8.o)
                0x00009e3a                __adddi3_s8
 .text.libgcc.prologue
                0x00009e52        0x0 c:/program files (x86)/atmel/studio/7.0/toolchain/avr8/avr8-gnu-toolchain/bin/../lib/gcc/avr/5.4.0/avrxmega6\libgcc.a(_adddi3_s8.o)
 .text.libgcc.builtins
                0x00009e52        0x0 c:/program files (x86)/atmel/studio/7.0/toolchain/avr8/avr8-gnu-toolchain/bin/../lib/gcc/avr/5.4.0/avrxmega6\libgcc.a(_adddi3_s8.o)
 .text.libgcc.fmul
                0x00009e52        0x0 c:/program files (x86)/atmel/studio/7.0/toolchain/avr8/avr8-gnu-toolchain/bin/../lib/gcc/avr/5.4.0/avrxmega6\libgcc.a(_adddi3_s8.o)
 .text.libgcc.fixed
                0x00009e52        0x0 c:/program files (x86)/atmel/studio/7.0/toolchain/avr8/avr8-gnu-toolchain/bin/../lib/gcc/avr/5.4.0/avrxmega6\libgcc.a(_adddi3_s8.o)
 .text.libgcc.mul
                0x00009e52        0x0 c:/program files (x86)/atmel/studio/7.0/toolchain/avr8/avr8-gnu-toolchain/bin/../lib/gcc/avr/5.4.0/avrxmega6\libgcc.a(_cmpdi2.o)
 .text.libgcc.div
                0x00009e52        0x0 c:/program files (x86)/atmel/studio/7.0/toolchain/avr8/avr8-gnu-toolchain/bin/../lib/gcc/avr/5.4.0/avrxmega6\libgcc.a(_cmpdi2.o)
 .text.libgcc   0x00009e52       0x12 c:/program files (x86)/atmel/studio/7.0/toolchain/avr8/avr8-gnu-toolchain/bin/../lib/gcc/avr/5.4.0/avrxmega6\libgcc.a(_cmpdi2.o)
                0x00009e52                __cmpdi2
 .text.libgcc.prologue
                0x00009e64        0x0 c:/program files (x86)/atmel/studio/7.0/toolchain/avr8/avr8-gnu-toolchain/bin/../lib/gcc/avr/5.4.0/avrxmega6\libgcc.a(_cmpdi2.o)
 .text.libgcc.builtins
                0x00009e64        0x0 c:/program files (x86)/atmel/studio/7.0/toolchain/avr8/avr8-gnu-toolchain/bin/../lib/gcc/avr/5.4.0/avrxmega6\libgcc.a(_cmpdi2.o)
 .text.libgcc.fmul
                0x00009e64        0x0 c:/program files (x86)/atmel/studio/7.0/toolchain/avr8/avr8-gnu-toolchain/bin/../lib/gcc/avr/5.4.0/avrxmega6\libgcc.a(_cmpdi2.o)
 .text.libgcc.fixed
                0x00009e64        0x0 c:/program files (x86)/atmel/studio/7.0/toolchain/avr8/avr8-gnu-toolchain/bin/../lib/gcc/avr/5.4.0/avrxmega6\libgcc.a(_cmpdi2.o)
 .text.libgcc.mul
                0x00009e64        0x0 c:/program files (x86)/atmel/studio/7.0/toolchain/avr8/avr8-gnu-toolchain/bin/../lib/gcc/avr/5.4.0/avrxmega6\libgcc.a(_cmpdi2_s8.o)
 .text.libgcc.div
                0x00009e64        0x0 c:/program files (x86)/atmel/studio/7.0/toolchain/avr8/avr8-gnu-toolchain/bin/../lib/gcc/avr/5.4.0/avrxmega6\libgcc.a(_cmpdi2_s8.o)
 .text.libgcc   0x00009e64       0x18 c:/program files (x86)/atmel/studio/7.0/toolchain/avr8/avr8-gnu-toolchain/bin/../lib/gcc/avr/5.4.0/avrxmega6\libgcc.a(_cmpdi2_s8.o)
                0x00009e64                __cmpdi2_s8
 .text.libgcc.prologue
                0x00009e7c        0x0 c:/program files (x86)/atmel/studio/7.0/toolchain/avr8/avr8-gnu-toolchain/bin/../lib/gcc/avr/5.4.0/avrxmega6\libgcc.a(_cmpdi2_s8.o)
 .text.libgcc.builtins
                0x00009e7c        0x0 c:/program files (x86)/atmel/studio/7.0/toolchain/avr8/avr8-gnu-toolchain/bin/../lib/gcc/avr/5.4.0/avrxmega6\libgcc.a(_cmpdi2_s8.o)
 .text.libgcc.fmul
                0x00009e7c        0x0 c:/program files (x86)/atmel/studio/7.0/toolchain/avr8/avr8-gnu-toolchain/bin/../lib/gcc/avr/5.4.0/avrxmega6\libgcc.a(_cmpdi2_s8.o)
 .text.libgcc.fixed
                0x00009e7c        0x0 c:/program files (x86)/atmel/studio/7.0/toolchain/avr8/avr8-gnu-toolchain/bin/../lib/gcc/avr/5.4.0/avrxmega6\libgcc.a(_cmpdi2_s8.o)
 .text.libgcc.mul
                0x00009e7c       0x1e c:/program files (x86)/atmel/studio/7.0/toolchain/avr8/avr8-gnu-toolchain/bin/../lib/gcc/avr/5.4.0/avrxmega6\libgcc.a(_umulhisi3.o)
                0x00009e7c                __umulhisi3
 .text.libgcc.div
                0x00009e9a        0x0 c:/program files (x86)/atmel/studio/7.0/toolchain/avr8/avr8-gnu-toolchain/bin/../lib/gcc/avr/5.4.0/avrxmega6\libgcc.a(_umulhisi3.o)
 .text.libgcc   0x00009e9a        0x0 c:/program files (x86)/atmel/studio/7.0/toolchain/avr8/avr8-gnu-toolchain/bin/../lib/gcc/avr/5.4.0/avrxmega6\libgcc.a(_umulhisi3.o)
 .text.libgcc.prologue
                0x00009e9a        0x0 c:/program files (x86)/atmel/studio/7.0/toolchain/avr8/avr8-gnu-toolchain/bin/../lib/gcc/avr/5.4.0/avrxmega6\libgcc.a(_umulhisi3.o)
 .text.libgcc.builtins
                0x00009e9a        0x0 c:/program files (x86)/atmel/studio/7.0/toolchain/avr8/avr8-gnu-toolchain/bin/../lib/gcc/avr/5.4.0/avrxmega6\libgcc.a(_umulhisi3.o)
 .text.libgcc.fmul
                0x00009e9a        0x0 c:/program files (x86)/atmel/studio/7.0/toolchain/avr8/avr8-gnu-toolchain/bin/../lib/gcc/avr/5.4.0/avrxmega6\libgcc.a(_umulhisi3.o)
 .text.libgcc.fixed
                0x00009e9a        0x0 c:/program files (x86)/atmel/studio/7.0/toolchain/avr8/avr8-gnu-toolchain/bin/../lib/gcc/avr/5.4.0/avrxmega6\libgcc.a(_umulhisi3.o)
 .text.avr-libc
                0x00009e9a      0x41c c:/program files (x86)/atmel/studio/7.0/toolchain/avr8/avr8-gnu-toolchain/bin/../lib/gcc/avr/5.4.0/../../../../avr/lib/avrxmega6\libc.a(qsort.o)
                0x00009f28                qsort
 .text.avr-libc
                0x0000a2b6       0xb4 c:/program files (x86)/atmel/studio/7.0/toolchain/avr8/avr8-gnu-toolchain/bin/../lib/gcc/avr/5.4.0/../../../../avr/lib/avrxmega6\libc.a(rand.o)
                0x0000a348                rand_r
                0x0000a34c                rand
                0x0000a354                srand
 .text.avr-libc
                0x0000a36a       0x3c c:/program files (x86)/atmel/studio/7.0/toolchain/avr8/avr8-gnu-toolchain/bin/../lib/gcc/avr/5.4.0/../../../../avr/lib/avrxmega6\libc.a(atoi.o)
                0x0000a36a                atoi
 .text.avr-libc
                0x0000a3a6      0x1b0 c:/program files (x86)/atmel/studio/7.0/toolchain/avr8/avr8-gnu-toolchain/bin/../lib/gcc/avr/5.4.0/../../../../avr/lib/avrxmega6\libc.a(ftoa_engine.o)
                0x0000a3a6                __ftoa_engine
 .text.avr-libc
                0x0000a556       0x16 c:/program files (x86)/atmel/studio/7.0/toolchain/avr8/avr8-gnu-toolchain/bin/../lib/gcc/avr/5.4.0/../../../../avr/lib/avrxmega6\libc.a(strnlen_P.o)
                0x0000a556                strnlen_P
 .text.avr-libc
                0x0000a56c       0x12 c:/program files (x86)/atmel/studio/7.0/toolchain/avr8/avr8-gnu-toolchain/bin/../lib/gcc/avr/5.4.0/../../../../avr/lib/avrxmega6\libc.a(memcpy.o)
                0x0000a56c                memcpy
 .text.avr-libc
                0x0000a57e       0x16 c:/program files (x86)/atmel/studio/7.0/toolchain/avr8/avr8-gnu-toolchain/bin/../lib/gcc/avr/5.4.0/../../../../avr/lib/avrxmega6\libc.a(strnlen.o)
                0x0000a57e                strnlen
 .text.avr-libc
                0x0000a594       0x10 c:/program files (x86)/atmel/studio/7.0/toolchain/avr8/avr8-gnu-toolchain/bin/../lib/gcc/avr/5.4.0/../../../../avr/lib/avrxmega6\libc.a(mul10.o)
                0x0000a594                __mulhi_const_10
 .text.avr-libc
                0x0000a5a4       0x96 c:/program files (x86)/atmel/studio/7.0/toolchain/avr8/avr8-gnu-toolchain/bin/../lib/gcc/avr/5.4.0/../../../../avr/lib/avrxmega6\libc.a(fdevopen.o)
                0x0000a5a4                fdevopen
 .text.avr-libc
                0x0000a63a       0x78 c:/program files (x86)/atmel/studio/7.0/toolchain/avr8/avr8-gnu-toolchain/bin/../lib/gcc/avr/5.4.0/../../../../avr/lib/avrxmega6\libc.a(fputc.o)
                0x0000a63a                fputc
 .text.avr-libc
                0x0000a6b2       0x28 c:/program files (x86)/atmel/studio/7.0/toolchain/avr8/avr8-gnu-toolchain/bin/../lib/gcc/avr/5.4.0/../../../../avr/lib/avrxmega6\libc.a(printf.o)
                0x0000a6b2                printf
 .text.avr-libc
                0x0000a6da        0xc c:/program files (x86)/atmel/studio/7.0/toolchain/avr8/avr8-gnu-toolchain/bin/../lib/gcc/avr/5.4.0/../../../../avr/lib/avrxmega6\libc.a(putchar.o)
                0x0000a6da                putchar
 .text.avr-libc
                0x0000a6e6       0x60 c:/program files (x86)/atmel/studio/7.0/toolchain/avr8/avr8-gnu-toolchain/bin/../lib/gcc/avr/5.4.0/../../../../avr/lib/avrxmega6\libc.a(puts.o)
                0x0000a6e6                puts
 .text.avr-libc
                0x0000a746       0xbc c:/program files (x86)/atmel/studio/7.0/toolchain/avr8/avr8-gnu-toolchain/bin/../lib/gcc/avr/5.4.0/../../../../avr/lib/avrxmega6\libc.a(ultoa_invert.o)
                0x0000a746                __ultoa_invert
 .text.avr-libc
                0x0000a802       0x38 c:/program files (x86)/atmel/studio/7.0/toolchain/avr8/avr8-gnu-toolchain/bin/../lib/gcc/avr/5.4.0/../../../../avr/lib/avrxmega6\libc.a(calloc.o)
                0x0000a802                calloc
 .text.avr-libc
                0x0000a83a      0x242 c:/program files (x86)/atmel/studio/7.0/toolchain/avr8/avr8-gnu-toolchain/bin/../lib/gcc/avr/5.4.0/../../../../avr/lib/avrxmega6\libc.a(malloc.o)
                0x0000a83a                malloc
                0x0000a96a                free
 .text.avr-libc
                0x0000aa7c        0xe c:/program files (x86)/atmel/studio/7.0/toolchain/avr8/avr8-gnu-toolchain/bin/../lib/gcc/avr/5.4.0/../../../../avr/lib/avrxmega6\libc.a(memset.o)
                0x0000aa7c                memset
 .text.libgcc.mul
                0x0000aa8a        0x0 c:/program files (x86)/atmel/studio/7.0/toolchain/avr8/avr8-gnu-toolchain/bin/../lib/gcc/avr/5.4.0/avrxmega6\libgcc.a(_divmodsi4.o)
 .text.libgcc.div
                0x0000aa8a       0x2e c:/program files (x86)/atmel/studio/7.0/toolchain/avr8/avr8-gnu-toolchain/bin/../lib/gcc/avr/5.4.0/avrxmega6\libgcc.a(_divmodsi4.o)
                0x0000aa8a                __divmodsi4
 .text.libgcc   0x0000aab8        0x0 c:/program files (x86)/atmel/studio/7.0/toolchain/avr8/avr8-gnu-toolchain/bin/../lib/gcc/avr/5.4.0/avrxmega6\libgcc.a(_divmodsi4.o)
 .text.libgcc.prologue
                0x0000aab8        0x0 c:/program files (x86)/atmel/studio/7.0/toolchain/avr8/avr8-gnu-toolchain/bin/../lib/gcc/avr/5.4.0/avrxmega6\libgcc.a(_divmodsi4.o)
 .text.libgcc.builtins
                0x0000aab8        0x0 c:/program files (x86)/atmel/studio/7.0/toolchain/avr8/avr8-gnu-toolchain/bin/../lib/gcc/avr/5.4.0/avrxmega6\libgcc.a(_divmodsi4.o)
 .text.libgcc.fmul
                0x0000aab8        0x0 c:/program files (x86)/atmel/studio/7.0/toolchain/avr8/avr8-gnu-toolchain/bin/../lib/gcc/avr/5.4.0/avrxmega6\libgcc.a(_divmodsi4.o)
 .text.libgcc.fixed
                0x0000aab8        0x0 c:/program files (x86)/atmel/studio/7.0/toolchain/avr8/avr8-gnu-toolchain/bin/../lib/gcc/avr/5.4.0/avrxmega6\libgcc.a(_divmodsi4.o)
 .text.libgcc.mul
                0x0000aab8        0x0 c:/program files (x86)/atmel/studio/7.0/toolchain/avr8/avr8-gnu-toolchain/bin/../lib/gcc/avr/5.4.0/avrxmega6\libgcc.a(_negsi2.o)
 .text.libgcc.div
                0x0000aab8       0x10 c:/program files (x86)/atmel/studio/7.0/toolchain/avr8/avr8-gnu-toolchain/bin/../lib/gcc/avr/5.4.0/avrxmega6\libgcc.a(_negsi2.o)
                0x0000aab8                __negsi2
 .text.libgcc   0x0000aac8        0x0 c:/program files (x86)/atmel/studio/7.0/toolchain/avr8/avr8-gnu-toolchain/bin/../lib/gcc/avr/5.4.0/avrxmega6\libgcc.a(_negsi2.o)
 .text.libgcc.prologue
                0x0000aac8        0x0 c:/program files (x86)/atmel/studio/7.0/toolchain/avr8/avr8-gnu-toolchain/bin/../lib/gcc/avr/5.4.0/avrxmega6\libgcc.a(_negsi2.o)
 .text.libgcc.builtins
                0x0000aac8        0x0 c:/program files (x86)/atmel/studio/7.0/toolchain/avr8/avr8-gnu-toolchain/bin/../lib/gcc/avr/5.4.0/avrxmega6\libgcc.a(_negsi2.o)
 .text.libgcc.fmul
                0x0000aac8        0x0 c:/program files (x86)/atmel/studio/7.0/toolchain/avr8/avr8-gnu-toolchain/bin/../lib/gcc/avr/5.4.0/avrxmega6\libgcc.a(_negsi2.o)
 .text.libgcc.fixed
                0x0000aac8        0x0 c:/program files (x86)/atmel/studio/7.0/toolchain/avr8/avr8-gnu-toolchain/bin/../lib/gcc/avr/5.4.0/avrxmega6\libgcc.a(_negsi2.o)
 .text.libgcc.mul
                0x0000aac8       0x10 c:/program files (x86)/atmel/studio/7.0/toolchain/avr8/avr8-gnu-toolchain/bin/../lib/gcc/avr/5.4.0/avrxmega6\libgcc.a(_mulshisi3.o)
                0x0000aac8                __mulshisi3
                0x0000aace                __mulohisi3
 .text.libgcc.div
                0x0000aad8        0x0 c:/program files (x86)/atmel/studio/7.0/toolchain/avr8/avr8-gnu-toolchain/bin/../lib/gcc/avr/5.4.0/avrxmega6\libgcc.a(_mulshisi3.o)
 .text.libgcc   0x0000aad8        0x0 c:/program files (x86)/atmel/studio/7.0/toolchain/avr8/avr8-gnu-toolchain/bin/../lib/gcc/avr/5.4.0/avrxmega6\libgcc.a(_mulshisi3.o)
 .text.libgcc.prologue
                0x0000aad8        0x0 c:/program files (x86)/atmel/studio/7.0/toolchain/avr8/avr8-gnu-toolchain/bin/../lib/gcc/avr/5.4.0/avrxmega6\libgcc.a(_mulshisi3.o)
 .text.libgcc.builtins
                0x0000aad8        0x0 c:/program files (x86)/atmel/studio/7.0/toolchain/avr8/avr8-gnu-toolchain/bin/../lib/gcc/avr/5.4.0/avrxmega6\libgcc.a(_mulshisi3.o)
 .text.libgcc.fmul
                0x0000aad8        0x0 c:/program files (x86)/atmel/studio/7.0/toolchain/avr8/avr8-gnu-toolchain/bin/../lib/gcc/avr/5.4.0/avrxmega6\libgcc.a(_mulshisi3.o)
 .text.libgcc.fixed
                0x0000aad8        0x0 c:/program files (x86)/atmel/studio/7.0/toolchain/avr8/avr8-gnu-toolchain/bin/../lib/gcc/avr/5.4.0/avrxmega6\libgcc.a(_mulshisi3.o)
                0x0000aad8                . = ALIGN (0x2)
 *(.fini9)
 .fini9         0x0000aad8        0x0 c:/program files (x86)/atmel/studio/7.0/toolchain/avr8/avr8-gnu-toolchain/bin/../lib/gcc/avr/5.4.0/avrxmega6\libgcc.a(_exit.o)
                0x0000aad8                _exit
                0x0000aad8                exit
 *(.fini9)
 *(.fini8)
 *(.fini8)
 *(.fini7)
 *(.fini7)
 *(.fini6)
 *(.fini6)
 *(.fini5)
 *(.fini5)
 *(.fini4)
 *(.fini4)
 *(.fini3)
 *(.fini3)
 *(.fini2)
 *(.fini2)
 *(.fini1)
 *(.fini1)
 *(.fini0)
 .fini0         0x0000aad8        0x4 c:/program files (x86)/atmel/studio/7.0/toolchain/avr8/avr8-gnu-toolchain/bin/../lib/gcc/avr/5.4.0/avrxmega6\libgcc.a(_exit.o)
 *(.fini0)
                0x0000aadc                _etext = .

.data           0x00802000      0xfbe load address 0x0000aadc
                0x00802000                PROVIDE (__data_start, .)
 *(.data)
 .data          0x00802000        0x0 c:/program files (x86)/atmel/studio/7.0/toolchain/avr8/avr8-gnu-toolchain/bin/../lib/gcc/avr/5.4.0/../../../../avr/lib/avrxmega6/crtatxmega256a3.o
 .data          0x00802000        0x0 c:/program files (x86)/atmel/studio/7.0/toolchain/avr8/avr8-gnu-toolchain/bin/../lib/gcc/avr/5.4.0/../../../../avr/lib/avrxmega6\libprintf_flt.a(vfprintf_flt.o)
 .data          0x00802000       0x3e ./rtb_eval_app.o
                0x00802000                build_string
                0x0080203a                req_addr
                0x0080203c                z_state
                0x0080203d                gate_way_addr_mode
 .data          0x0080203e        0x0 ./rtb_eval_app_param.o
 .data          0x0080203e        0x0 ./rtb_eval_app_ranging.o
 .data          0x0080203e        0x0 ./sio_handler.o
 .data          0x0080203e        0x0 ./pal_uart.o
 .data          0x0080203e        0x0 ./pal_sio_hub.o
 .data          0x0080203e        0x0 ./pal_irq.o
 .data          0x0080203e        0x0 ./pal.o
 .data          0x0080203e        0x0 ./pal_timer.o
 .data          0x0080203e        0x0 ./pal_board.o
 .data          0x0080203e        0x0 ./pal_utils.o
 .data          0x0080203e        0x0 ./pal_trx_access.o
 .data          0x0080203e        0x0 ./bmm.o
 .data          0x0080203e        0x0 ./qmm.o
 .data          0x0080203e        0x0 ./tal.o
 .data          0x0080203e        0x0 ./tal_rx.o
 .data          0x0080203e        0x0 ./tal_tx.o
 .data          0x0080203e        0x0 ./tal_ed.o
 .data          0x0080203e        0x0 ./tal_slotted_csma.o
 .data          0x0080203e        0x0 ./tal_pib.o
 .data          0x0080203e        0x0 ./tal_init.o
 .data          0x0080203e        0x0 ./tal_irq_handler.o
 .data          0x0080203e        0x0 ./tal_pwr_mgmt.o
 .data          0x0080203e        0x0 ./tal_rx_enable.o
 .data          0x0080203e        0x0 ./mac_api.o
 .data          0x0080203e        0x0 ./mac_associate.o
 .data          0x0080203e        0x0 ./mac_beacon.o
 .data          0x0080203e        0x0 ./mac_callback_wrapper.o
 .data          0x0080203e        0x0 ./mac_data_extract_mhr.o
 .data          0x0080203e        0x0 ./mac_data_ind.o
 .data          0x0080203e        0x0 ./mac_data_req.o
 .data          0x0080203e        0x0 ./mac_dispatcher.o
 .data          0x0080203e        0x0 ./mac.o
 .data          0x0080203e        0x0 ./mac_mcps_data.o
 .data          0x0080203e        0x0 ./mac_misc.o
 .data          0x0080203e        0x0 ./mac_orphan.o
 .data          0x0080203e        0x0 ./mac_pib.o
 .data          0x0080203e        0x0 ./mac_poll.o
 .data          0x0080203e        0x0 ./mac_process_beacon_frame.o
 .data          0x0080203e        0x0 ./mac_process_tal_tx_frame_status.o
 .data          0x0080203e        0x0 ./mac_rx_enable.o
 .data          0x0080203e        0x0 ./mac_scan.o
 .data          0x0080203e        0x0 ./mac_start.o
 .data          0x0080203e        0x0 ./mac_tx_coord_realignment_command.o
 .data          0x0080203e        0x1 ./rtb.o
                0x0080203e                rtb_dist_offset
 .data          0x0080203f        0x0 ./rtb_api.o
 .data          0x0080203f        0x0 ./rtb_callback_wrapper.o
 .data          0x0080203f        0x0 ./rtb_dispatcher.o
 .data          0x0080203f        0x4 ./rtb_hw_233r_xmega.o
                0x0080203f                rtb_trx_spi_port
                0x00802041                rtb_trx_spi
 .data          0x00802043        0x0 ./rtb_pib.o
 .data          0x00802043        0x0 ./rtb_rx.o
 .data          0x00802043        0x0 ./rtb_tx.o
 .data          0x00802043        0x0 ./usr_mcps_data_conf.o
 .data          0x00802043        0x0 ./usr_mcps_data_ind.o
 .data          0x00802043        0x0 ./usr_mlme_associate_conf.o
 .data          0x00802043        0x0 ./usr_mlme_associate_ind.o
 .data          0x00802043        0x0 ./usr_mlme_comm_status_ind.o
 .data          0x00802043        0x0 ./usr_mlme_get_conf.o
 .data          0x00802043        0x0 ./usr_mlme_orphan_ind.o
 .data          0x00802043        0x0 ./usr_mlme_poll_conf.o
 .data          0x00802043        0x0 ./usr_mlme_rx_enable_conf.o
 .data          0x00802043        0x0 ./usr_mlme_scan_conf.o
 .data          0x00802043        0x0 ./usr_mlme_start_conf.o
 .data          0x00802043       0x20 ../../../../../RTB/RTB_Lib/AT86RF233_ATXMEGA256A3_REB_8_1_CBB/GCC\lib_rtb_pmu_233r_remote.a(rtb_pmu_math.o)
 .data          0x00802063        0x1 ../../../../../RTB/RTB_Lib/AT86RF233_ATXMEGA256A3_REB_8_1_CBB/GCC\lib_rtb_pmu_233r_remote.a(rtb_pmu_result.o)
                0x00802063                aRTBMaxPMUVerboseLevel
 .data          0x00802064        0x0 ../../../../../RTB/RTB_Lib/AT86RF233_ATXMEGA256A3_REB_8_1_CBB/GCC\lib_rtb_pmu_233r_remote.a(rtb_pmu_233r.o)
 .data          0x00802064        0x0 c:/program files (x86)/atmel/studio/7.0/toolchain/avr8/avr8-gnu-toolchain/bin/../lib/gcc/avr/5.4.0/../../../../avr/lib/avrxmega6\libm.a(addsf3.o)
 .data          0x00802064        0x0 c:/program files (x86)/atmel/studio/7.0/toolchain/avr8/avr8-gnu-toolchain/bin/../lib/gcc/avr/5.4.0/../../../../avr/lib/avrxmega6\libm.a(addsf3x.o)
 .data          0x00802064        0x0 c:/program files (x86)/atmel/studio/7.0/toolchain/avr8/avr8-gnu-toolchain/bin/../lib/gcc/avr/5.4.0/../../../../avr/lib/avrxmega6\libm.a(ceil.o)
 .data          0x00802064        0x0 c:/program files (x86)/atmel/studio/7.0/toolchain/avr8/avr8-gnu-toolchain/bin/../lib/gcc/avr/5.4.0/../../../../avr/lib/avrxmega6\libm.a(cmpsf2.o)
 .data          0x00802064        0x0 c:/program files (x86)/atmel/studio/7.0/toolchain/avr8/avr8-gnu-toolchain/bin/../lib/gcc/avr/5.4.0/../../../../avr/lib/avrxmega6\libm.a(divsf3.o)
 .data          0x00802064        0x0 c:/program files (x86)/atmel/studio/7.0/toolchain/avr8/avr8-gnu-toolchain/bin/../lib/gcc/avr/5.4.0/../../../../avr/lib/avrxmega6\libm.a(divsf3x.o)
 .data          0x00802064        0x0 c:/program files (x86)/atmel/studio/7.0/toolchain/avr8/avr8-gnu-toolchain/bin/../lib/gcc/avr/5.4.0/../../../../avr/lib/avrxmega6\libm.a(fixsfsi.o)
 .data          0x00802064        0x0 c:/program files (x86)/atmel/studio/7.0/toolchain/avr8/avr8-gnu-toolchain/bin/../lib/gcc/avr/5.4.0/../../../../avr/lib/avrxmega6\libm.a(fixunssfsi.o)
 .data          0x00802064        0x0 c:/program files (x86)/atmel/studio/7.0/toolchain/avr8/avr8-gnu-toolchain/bin/../lib/gcc/avr/5.4.0/../../../../avr/lib/avrxmega6\libm.a(floatsisf.o)
 .data          0x00802064        0x0 c:/program files (x86)/atmel/studio/7.0/toolchain/avr8/avr8-gnu-toolchain/bin/../lib/gcc/avr/5.4.0/../../../../avr/lib/avrxmega6\libm.a(fp_cmp.o)
 .data          0x00802064        0x0 c:/program files (x86)/atmel/studio/7.0/toolchain/avr8/avr8-gnu-toolchain/bin/../lib/gcc/avr/5.4.0/../../../../avr/lib/avrxmega6\libm.a(fp_inf.o)
 .data          0x00802064        0x0 c:/program files (x86)/atmel/studio/7.0/toolchain/avr8/avr8-gnu-toolchain/bin/../lib/gcc/avr/5.4.0/../../../../avr/lib/avrxmega6\libm.a(fp_mintl.o)
 .data          0x00802064        0x0 c:/program files (x86)/atmel/studio/7.0/toolchain/avr8/avr8-gnu-toolchain/bin/../lib/gcc/avr/5.4.0/../../../../avr/lib/avrxmega6\libm.a(fp_mpack.o)
 .data          0x00802064        0x0 c:/program files (x86)/atmel/studio/7.0/toolchain/avr8/avr8-gnu-toolchain/bin/../lib/gcc/avr/5.4.0/../../../../avr/lib/avrxmega6\libm.a(fp_nan.o)
 .data          0x00802064        0x0 c:/program files (x86)/atmel/studio/7.0/toolchain/avr8/avr8-gnu-toolchain/bin/../lib/gcc/avr/5.4.0/../../../../avr/lib/avrxmega6\libm.a(fp_pscA.o)
 .data          0x00802064        0x0 c:/program files (x86)/atmel/studio/7.0/toolchain/avr8/avr8-gnu-toolchain/bin/../lib/gcc/avr/5.4.0/../../../../avr/lib/avrxmega6\libm.a(fp_pscB.o)
 .data          0x00802064        0x0 c:/program files (x86)/atmel/studio/7.0/toolchain/avr8/avr8-gnu-toolchain/bin/../lib/gcc/avr/5.4.0/../../../../avr/lib/avrxmega6\libm.a(fp_round.o)
 .data          0x00802064        0x0 c:/program files (x86)/atmel/studio/7.0/toolchain/avr8/avr8-gnu-toolchain/bin/../lib/gcc/avr/5.4.0/../../../../avr/lib/avrxmega6\libm.a(fp_split3.o)
 .data          0x00802064        0x0 c:/program files (x86)/atmel/studio/7.0/toolchain/avr8/avr8-gnu-toolchain/bin/../lib/gcc/avr/5.4.0/../../../../avr/lib/avrxmega6\libm.a(fp_trunc.o)
 .data          0x00802064        0x0 c:/program files (x86)/atmel/studio/7.0/toolchain/avr8/avr8-gnu-toolchain/bin/../lib/gcc/avr/5.4.0/../../../../avr/lib/avrxmega6\libm.a(fp_zero.o)
 .data          0x00802064        0x0 c:/program files (x86)/atmel/studio/7.0/toolchain/avr8/avr8-gnu-toolchain/bin/../lib/gcc/avr/5.4.0/../../../../avr/lib/avrxmega6\libm.a(gesf2.o)
 .data          0x00802064        0x0 c:/program files (x86)/atmel/studio/7.0/toolchain/avr8/avr8-gnu-toolchain/bin/../lib/gcc/avr/5.4.0/../../../../avr/lib/avrxmega6\libm.a(mulsf3.o)
 .data          0x00802064        0x0 c:/program files (x86)/atmel/studio/7.0/toolchain/avr8/avr8-gnu-toolchain/bin/../lib/gcc/avr/5.4.0/../../../../avr/lib/avrxmega6\libm.a(mulsf3x.o)
 .data          0x00802064        0x0 c:/program files (x86)/atmel/studio/7.0/toolchain/avr8/avr8-gnu-toolchain/bin/../lib/gcc/avr/5.4.0/../../../../avr/lib/avrxmega6\libm.a(round.o)
 .data          0x00802064        0x0 c:/program files (x86)/atmel/studio/7.0/toolchain/avr8/avr8-gnu-toolchain/bin/../lib/gcc/avr/5.4.0/avrxmega6\libgcc.a(_mulsi3.o)
 .data          0x00802064        0x0 c:/program files (x86)/atmel/studio/7.0/toolchain/avr8/avr8-gnu-toolchain/bin/../lib/gcc/avr/5.4.0/avrxmega6\libgcc.a(_udivmodhi4.o)
 .data          0x00802064        0x0 c:/program files (x86)/atmel/studio/7.0/toolchain/avr8/avr8-gnu-toolchain/bin/../lib/gcc/avr/5.4.0/avrxmega6\libgcc.a(_divmodhi4.o)
 .data          0x00802064        0x0 c:/program files (x86)/atmel/studio/7.0/toolchain/avr8/avr8-gnu-toolchain/bin/../lib/gcc/avr/5.4.0/avrxmega6\libgcc.a(_udivmodsi4.o)
 .data          0x00802064        0x0 c:/program files (x86)/atmel/studio/7.0/toolchain/avr8/avr8-gnu-toolchain/bin/../lib/gcc/avr/5.4.0/avrxmega6\libgcc.a(_exit.o)
 .data          0x00802064        0x0 c:/program files (x86)/atmel/studio/7.0/toolchain/avr8/avr8-gnu-toolchain/bin/../lib/gcc/avr/5.4.0/avrxmega6\libgcc.a(_tablejump2.o)
 .data          0x00802064        0x0 c:/program files (x86)/atmel/studio/7.0/toolchain/avr8/avr8-gnu-toolchain/bin/../lib/gcc/avr/5.4.0/avrxmega6\libgcc.a(_copy_data.o)
 .data          0x00802064        0x0 c:/program files (x86)/atmel/studio/7.0/toolchain/avr8/avr8-gnu-toolchain/bin/../lib/gcc/avr/5.4.0/avrxmega6\libgcc.a(_clear_bss.o)
 .data          0x00802064        0x0 c:/program files (x86)/atmel/studio/7.0/toolchain/avr8/avr8-gnu-toolchain/bin/../lib/gcc/avr/5.4.0/avrxmega6\libgcc.a(_muluhisi3.o)
 .data          0x00802064        0x0 c:/program files (x86)/atmel/studio/7.0/toolchain/avr8/avr8-gnu-toolchain/bin/../lib/gcc/avr/5.4.0/avrxmega6\libgcc.a(_ashrdi3.o)
 .data          0x00802064        0x0 c:/program files (x86)/atmel/studio/7.0/toolchain/avr8/avr8-gnu-toolchain/bin/../lib/gcc/avr/5.4.0/avrxmega6\libgcc.a(_adddi3_s8.o)
 .data          0x00802064        0x0 c:/program files (x86)/atmel/studio/7.0/toolchain/avr8/avr8-gnu-toolchain/bin/../lib/gcc/avr/5.4.0/avrxmega6\libgcc.a(_cmpdi2.o)
 .data          0x00802064        0x0 c:/program files (x86)/atmel/studio/7.0/toolchain/avr8/avr8-gnu-toolchain/bin/../lib/gcc/avr/5.4.0/avrxmega6\libgcc.a(_cmpdi2_s8.o)
 .data          0x00802064        0x0 c:/program files (x86)/atmel/studio/7.0/toolchain/avr8/avr8-gnu-toolchain/bin/../lib/gcc/avr/5.4.0/avrxmega6\libgcc.a(_umulhisi3.o)
 .data          0x00802064        0x0 c:/program files (x86)/atmel/studio/7.0/toolchain/avr8/avr8-gnu-toolchain/bin/../lib/gcc/avr/5.4.0/../../../../avr/lib/avrxmega6\libc.a(qsort.o)
 .data          0x00802064        0x4 c:/program files (x86)/atmel/studio/7.0/toolchain/avr8/avr8-gnu-toolchain/bin/../lib/gcc/avr/5.4.0/../../../../avr/lib/avrxmega6\libc.a(rand.o)
 .data          0x00802068        0x0 c:/program files (x86)/atmel/studio/7.0/toolchain/avr8/avr8-gnu-toolchain/bin/../lib/gcc/avr/5.4.0/../../../../avr/lib/avrxmega6\libc.a(atoi.o)
 .data          0x00802068        0x0 c:/program files (x86)/atmel/studio/7.0/toolchain/avr8/avr8-gnu-toolchain/bin/../lib/gcc/avr/5.4.0/../../../../avr/lib/avrxmega6\libc.a(ftoa_engine.o)
 .data          0x00802068        0x0 c:/program files (x86)/atmel/studio/7.0/toolchain/avr8/avr8-gnu-toolchain/bin/../lib/gcc/avr/5.4.0/../../../../avr/lib/avrxmega6\libc.a(strnlen_P.o)
 .data          0x00802068        0x0 c:/program files (x86)/atmel/studio/7.0/toolchain/avr8/avr8-gnu-toolchain/bin/../lib/gcc/avr/5.4.0/../../../../avr/lib/avrxmega6\libc.a(memcpy.o)
 .data          0x00802068        0x0 c:/program files (x86)/atmel/studio/7.0/toolchain/avr8/avr8-gnu-toolchain/bin/../lib/gcc/avr/5.4.0/../../../../avr/lib/avrxmega6\libc.a(strnlen.o)
 .data          0x00802068        0x0 c:/program files (x86)/atmel/studio/7.0/toolchain/avr8/avr8-gnu-toolchain/bin/../lib/gcc/avr/5.4.0/../../../../avr/lib/avrxmega6\libc.a(mul10.o)
 .data          0x00802068        0x0 c:/program files (x86)/atmel/studio/7.0/toolchain/avr8/avr8-gnu-toolchain/bin/../lib/gcc/avr/5.4.0/../../../../avr/lib/avrxmega6\libc.a(fdevopen.o)
 .data          0x00802068        0x0 c:/program files (x86)/atmel/studio/7.0/toolchain/avr8/avr8-gnu-toolchain/bin/../lib/gcc/avr/5.4.0/../../../../avr/lib/avrxmega6\libc.a(fputc.o)
 .data          0x00802068        0x0 c:/program files (x86)/atmel/studio/7.0/toolchain/avr8/avr8-gnu-toolchain/bin/../lib/gcc/avr/5.4.0/../../../../avr/lib/avrxmega6\libc.a(iob.o)
 .data          0x00802068        0x0 c:/program files (x86)/atmel/studio/7.0/toolchain/avr8/avr8-gnu-toolchain/bin/../lib/gcc/avr/5.4.0/../../../../avr/lib/avrxmega6\libc.a(printf.o)
 .data          0x00802068        0x0 c:/program files (x86)/atmel/studio/7.0/toolchain/avr8/avr8-gnu-toolchain/bin/../lib/gcc/avr/5.4.0/../../../../avr/lib/avrxmega6\libc.a(putchar.o)
 .data          0x00802068        0x0 c:/program files (x86)/atmel/studio/7.0/toolchain/avr8/avr8-gnu-toolchain/bin/../lib/gcc/avr/5.4.0/../../../../avr/lib/avrxmega6\libc.a(puts.o)
 .data          0x00802068        0x0 c:/program files (x86)/atmel/studio/7.0/toolchain/avr8/avr8-gnu-toolchain/bin/../lib/gcc/avr/5.4.0/../../../../avr/lib/avrxmega6\libc.a(ultoa_invert.o)
 .data          0x00802068        0x0 c:/program files (x86)/atmel/studio/7.0/toolchain/avr8/avr8-gnu-toolchain/bin/../lib/gcc/avr/5.4.0/../../../../avr/lib/avrxmega6\libc.a(calloc.o)
 .data          0x00802068        0x6 c:/program files (x86)/atmel/studio/7.0/toolchain/avr8/avr8-gnu-toolchain/bin/../lib/gcc/avr/5.4.0/../../../../avr/lib/avrxmega6\libc.a(malloc.o)
                0x00802068                __malloc_heap_end
                0x0080206a                __malloc_heap_start
                0x0080206c                __malloc_margin
 .data          0x0080206e        0x0 c:/program files (x86)/atmel/studio/7.0/toolchain/avr8/avr8-gnu-toolchain/bin/../lib/gcc/avr/5.4.0/../../../../avr/lib/avrxmega6\libc.a(memset.o)